Archive member included because of file (symbol)

/Users/pacifist/Documents/Qt/StreamStack/platforms/Discovery_M7/1.0/platformlib/..//STM32Cube_FW_F7_V1.3.0/Drivers/CMSIS/Lib/GCC/libarm_cortexM7lfsp_math.a(arm_float_to_q15.o)
                              CMakeFiles/app.elf.dir/Src/main.cpp.o (arm_float_to_q15)
/Users/pacifist/Documents/Qt/StreamStack/platforms/Discovery_M7/1.0/platformlib/..//STM32Cube_FW_F7_V1.3.0/Drivers/CMSIS/Lib/GCC/libarm_cortexM7lfsp_math.a(arm_sin_f32.o)
                              CMakeFiles/app.elf.dir/Src/main.cpp.o (arm_sin_f32)
/Users/pacifist/Documents/Qt/StreamStack/platforms/Discovery_M7/1.0/platformlib/..//STM32Cube_FW_F7_V1.3.0/Drivers/CMSIS/Lib/GCC/libarm_cortexM7lfsp_math.a(arm_common_tables.o)
                              /Users/pacifist/Documents/Qt/StreamStack/platforms/Discovery_M7/1.0/platformlib/..//STM32Cube_FW_F7_V1.3.0/Drivers/CMSIS/Lib/GCC/libarm_cortexM7lfsp_math.a(arm_sin_f32.o) (sinTable_f32)
/usr/local/Cellar/gcc-arm-none-eabi-49/20150609/bin/../lib/gcc/arm-none-eabi/4.9.3/cortex-m7/fpu/fpv5-sp-d16/libgcc.a(unwind-arm.o)
                              CMakeFiles/app.elf.dir/Src/main.cpp.o (__aeabi_unwind_cpp_pr0)
/usr/local/Cellar/gcc-arm-none-eabi-49/20150609/bin/../lib/gcc/arm-none-eabi/4.9.3/cortex-m7/fpu/fpv5-sp-d16/libgcc.a(libunwind.o)
                              /usr/local/Cellar/gcc-arm-none-eabi-49/20150609/bin/../lib/gcc/arm-none-eabi/4.9.3/cortex-m7/fpu/fpv5-sp-d16/libgcc.a(unwind-arm.o) (restore_core_regs)
/usr/local/Cellar/gcc-arm-none-eabi-49/20150609/bin/../lib/gcc/arm-none-eabi/4.9.3/cortex-m7/fpu/fpv5-sp-d16/libgcc.a(pr-support.o)
                              /usr/local/Cellar/gcc-arm-none-eabi-49/20150609/bin/../lib/gcc/arm-none-eabi/4.9.3/cortex-m7/fpu/fpv5-sp-d16/libgcc.a(unwind-arm.o) (__gnu_unwind_execute)
/usr/local/Cellar/gcc-arm-none-eabi-49/20150609/bin/../lib/gcc/arm-none-eabi/4.9.3/../../../../arm-none-eabi/lib/cortex-m7/fpu/fpv5-sp-d16/libc_nano.a(lib_a-abort.o)
                              /usr/local/Cellar/gcc-arm-none-eabi-49/20150609/bin/../lib/gcc/arm-none-eabi/4.9.3/cortex-m7/fpu/fpv5-sp-d16/libgcc.a(unwind-arm.o) (abort)
/usr/local/Cellar/gcc-arm-none-eabi-49/20150609/bin/../lib/gcc/arm-none-eabi/4.9.3/../../../../arm-none-eabi/lib/cortex-m7/fpu/fpv5-sp-d16/libc_nano.a(lib_a-exit.o)
                              /usr/local/Cellar/gcc-arm-none-eabi-49/20150609/bin/../lib/gcc/arm-none-eabi/4.9.3/../../../../arm-none-eabi/lib/cortex-m7/fpu/fpv5-sp-d16/crt0.o (exit)
/usr/local/Cellar/gcc-arm-none-eabi-49/20150609/bin/../lib/gcc/arm-none-eabi/4.9.3/../../../../arm-none-eabi/lib/cortex-m7/fpu/fpv5-sp-d16/libc_nano.a(lib_a-impure.o)
                              /usr/local/Cellar/gcc-arm-none-eabi-49/20150609/bin/../lib/gcc/arm-none-eabi/4.9.3/../../../../arm-none-eabi/lib/cortex-m7/fpu/fpv5-sp-d16/libc_nano.a(lib_a-exit.o) (_global_impure_ptr)
/usr/local/Cellar/gcc-arm-none-eabi-49/20150609/bin/../lib/gcc/arm-none-eabi/4.9.3/../../../../arm-none-eabi/lib/cortex-m7/fpu/fpv5-sp-d16/libc_nano.a(lib_a-init.o)
                              /usr/local/Cellar/gcc-arm-none-eabi-49/20150609/bin/../lib/gcc/arm-none-eabi/4.9.3/../../../../arm-none-eabi/lib/cortex-m7/fpu/fpv5-sp-d16/crt0.o (__libc_init_array)
/usr/local/Cellar/gcc-arm-none-eabi-49/20150609/bin/../lib/gcc/arm-none-eabi/4.9.3/../../../../arm-none-eabi/lib/cortex-m7/fpu/fpv5-sp-d16/libc_nano.a(lib_a-memcpy.o)
                              /usr/local/Cellar/gcc-arm-none-eabi-49/20150609/bin/../lib/gcc/arm-none-eabi/4.9.3/cortex-m7/fpu/fpv5-sp-d16/libgcc.a(unwind-arm.o) (memcpy)
/usr/local/Cellar/gcc-arm-none-eabi-49/20150609/bin/../lib/gcc/arm-none-eabi/4.9.3/../../../../arm-none-eabi/lib/cortex-m7/fpu/fpv5-sp-d16/libc_nano.a(lib_a-memset.o)
                              /usr/local/Cellar/gcc-arm-none-eabi-49/20150609/bin/../lib/gcc/arm-none-eabi/4.9.3/../../../../arm-none-eabi/lib/cortex-m7/fpu/fpv5-sp-d16/crt0.o (memset)
/usr/local/Cellar/gcc-arm-none-eabi-49/20150609/bin/../lib/gcc/arm-none-eabi/4.9.3/../../../../arm-none-eabi/lib/cortex-m7/fpu/fpv5-sp-d16/libc_nano.a(lib_a-signal.o)
                              /usr/local/Cellar/gcc-arm-none-eabi-49/20150609/bin/../lib/gcc/arm-none-eabi/4.9.3/../../../../arm-none-eabi/lib/cortex-m7/fpu/fpv5-sp-d16/libc_nano.a(lib_a-abort.o) (raise)
/usr/local/Cellar/gcc-arm-none-eabi-49/20150609/bin/../lib/gcc/arm-none-eabi/4.9.3/../../../../arm-none-eabi/lib/cortex-m7/fpu/fpv5-sp-d16/libc_nano.a(lib_a-signalr.o)
                              /usr/local/Cellar/gcc-arm-none-eabi-49/20150609/bin/../lib/gcc/arm-none-eabi/4.9.3/../../../../arm-none-eabi/lib/cortex-m7/fpu/fpv5-sp-d16/libc_nano.a(lib_a-signal.o) (_kill_r)
/usr/local/Cellar/gcc-arm-none-eabi-49/20150609/bin/../lib/gcc/arm-none-eabi/4.9.3/../../../../arm-none-eabi/lib/cortex-m7/fpu/fpv5-sp-d16/libc_nano.a(lib_a-nano-mallocr.o)
[...]
Memory Configuration

Name             Origin             Length             Attributes
FLASH            0x0000000008000000 0x0000000000100000 xr
RAM              0x0000000020000000 0x0000000000050000 xrw
*default*        0x0000000000000000 0xffffffffffffffff

Linker script and memory map

LOAD /usr/local/Cellar/gcc-arm-none-eabi-49/20150609/bin/../lib/gcc/arm-none-eabi/4.9.3/cortex-m7/fpu/fpv5-sp-d16/crti.o
LOAD /usr/local/Cellar/gcc-arm-none-eabi-49/20150609/bin/../lib/gcc/arm-none-eabi/4.9.3/cortex-m7/fpu/fpv5-sp-d16/crtbegin.o
LOAD /usr/local/Cellar/gcc-arm-none-eabi-49/20150609/bin/../lib/gcc/arm-none-eabi/4.9.3/../../../../arm-none-eabi/lib/cortex-m7/fpu/fpv5-sp-d16/crt0.o
LOAD CMakeFiles/app.elf.dir/Src/main.cpp.o
LOAD CMakeFiles/app.elf.dir/Src/codec.c.o
LOAD CMakeFiles/app.elf.dir/Src/dma.c.o
LOAD CMakeFiles/app.elf.dir/Src/gpio.c.o
LOAD CMakeFiles/app.elf.dir/Src/i2c.c.o
LOAD CMakeFiles/app.elf.dir/Src/sai.c.o
LOAD CMakeFiles/app.elf.dir/Src/stm32f7xx_hal_msp.c.o
LOAD CMakeFiles/app.elf.dir/Src/stm32f7xx_it.c.o
LOAD CMakeFiles/app.elf.dir/Users/pacifist/Documents/Qt/StreamStack/platforms/Discovery_M7/1.0/STM32Cube_FW_F7_V1.3.0/Drivers/STM32F7xx_HAL_Driver/Src/stm32f7xx_hal.c.o
LOAD CMakeFiles/app.elf.dir/Users/pacifist/Documents/Qt/StreamStack/platforms/Discovery_M7/1.0/STM32Cube_FW_F7_V1.3.0/Drivers/STM32F7xx_HAL_Driver/Src/stm32f7xx_hal_cortex.c.o
LOAD CMakeFiles/app.elf.dir/Users/pacifist/Documents/Qt/StreamStack/platforms/Discovery_M7/1.0/STM32Cube_FW_F7_V1.3.0/Drivers/STM32F7xx_HAL_Driver/Src/stm32f7xx_hal_dma.c.o
LOAD CMakeFiles/app.elf.dir/Users/pacifist/Documents/Qt/StreamStack/platforms/Discovery_M7/1.0/STM32Cube_FW_F7_V1.3.0/Drivers/STM32F7xx_HAL_Driver/Src/stm32f7xx_hal_flash.c.o
LOAD CMakeFiles/app.elf.dir/Users/pacifist/Documents/Qt/StreamStack/platforms/Discovery_M7/1.0/STM32Cube_FW_F7_V1.3.0/Drivers/STM32F7xx_HAL_Driver/Src/stm32f7xx_hal_gpio.c.o
LOAD CMakeFiles/app.elf.dir/Users/pacifist/Documents/Qt/StreamStack/platforms/Discovery_M7/1.0/STM32Cube_FW_F7_V1.3.0/Drivers/STM32F7xx_HAL_Driver/Src/stm32f7xx_hal_pwr.c.o
LOAD CMakeFiles/app.elf.dir/Users/pacifist/Documents/Qt/StreamStack/platforms/Discovery_M7/1.0/STM32Cube_FW_F7_V1.3.0/Drivers/STM32F7xx_HAL_Driver/Src/stm32f7xx_hal_pwr_ex.c.o
LOAD CMakeFiles/app.elf.dir/Users/pacifist/Documents/Qt/StreamStack/platforms/Discovery_M7/1.0/STM32Cube_FW_F7_V1.3.0/Drivers/STM32F7xx_HAL_Driver/Src/stm32f7xx_hal_rcc.c.o
LOAD CMakeFiles/app.elf.dir/Users/pacifist/Documents/Qt/StreamStack/platforms/Discovery_M7/1.0/STM32Cube_FW_F7_V1.3.0/Drivers/STM32F7xx_HAL_Driver/Src/stm32f7xx_hal_rcc_ex.c.o
LOAD CMakeFiles/app.elf.dir/Users/pacifist/Documents/Qt/StreamStack/platforms/Discovery_M7/1.0/STM32Cube_FW_F7_V1.3.0/Drivers/STM32F7xx_HAL_Driver/Src/stm32f7xx_hal_tim.c.o
LOAD CMakeFiles/app.elf.dir/Users/pacifist/Documents/Qt/StreamStack/platforms/Discovery_M7/1.0/STM32Cube_FW_F7_V1.3.0/Drivers/STM32F7xx_HAL_Driver/Src/stm32f7xx_hal_tim_ex.c.o
LOAD CMakeFiles/app.elf.dir/Users/pacifist/Documents/Qt/StreamStack/platforms/Discovery_M7/1.0/STM32Cube_FW_F7_V1.3.0/Drivers/STM32F7xx_HAL_Driver/Src/stm32f7xx_hal_sai.c.o
LOAD CMakeFiles/app.elf.dir/Users/pacifist/Documents/Qt/StreamStack/platforms/Discovery_M7/1.0/STM32Cube_FW_F7_V1.3.0/Drivers/STM32F7xx_HAL_Driver/Src/stm32f7xx_hal_sai_ex.c.o
LOAD CMakeFiles/app.elf.dir/Users/pacifist/Documents/Qt/StreamStack/platforms/Discovery_M7/1.0/STM32Cube_FW_F7_V1.3.0/Drivers/STM32F7xx_HAL_Driver/Src/stm32f7xx_hal_i2c.c.o
LOAD CMakeFiles/app.elf.dir/Users/pacifist/Documents/Qt/StreamStack/platforms/Discovery_M7/1.0/STM32Cube_FW_F7_V1.3.0/Drivers/STM32F7xx_HAL_Driver/Src/stm32f7xx_hal_i2c_ex.c.o
LOAD CMakeFiles/app.elf.dir/Users/pacifist/Documents/Qt/StreamStack/platforms/Discovery_M7/1.0/STM32Cube_FW_F7_V1.3.0/Drivers/CMSIS/Device/ST/STM32F7xx/Source/Templates/system_stm32f7xx.c.o
LOAD CMakeFiles/app.elf.dir/Users/pacifist/Documents/Qt/StreamStack/platforms/Discovery_M7/1.0/STM32Cube_FW_F7_V1.3.0/Drivers/CMSIS/Device/ST/STM32F7xx/Source/Templates/gcc/startup_stm32f746xx.s.o
LOAD /Users/pacifist/Documents/Qt/StreamStack/platforms/Discovery_M7/1.0/platformlib/..//STM32Cube_FW_F7_V1.3.0/Drivers/CMSIS/Lib/GCC/libarm_cortexM7lfsp_math.a
LOAD /usr/local/Cellar/gcc-arm-none-eabi-49/20150609/bin/../lib/gcc/arm-none-eabi/4.9.3/../../../../arm-none-eabi/lib/cortex-m7/fpu/fpv5-sp-d16/libstdc++_nano.a
LOAD /usr/local/Cellar/gcc-arm-none-eabi-49/20150609/bin/../lib/gcc/arm-none-eabi/4.9.3/../../../../arm-none-eabi/lib/cortex-m7/fpu/fpv5-sp-d16/libm.a
START GROUP
LOAD /usr/local/Cellar/gcc-arm-none-eabi-49/20150609/bin/../lib/gcc/arm-none-eabi/4.9.3/cortex-m7/fpu/fpv5-sp-d16/libgcc.a
LOAD /usr/local/Cellar/gcc-arm-none-eabi-49/20150609/bin/../lib/gcc/arm-none-eabi/4.9.3/../../../../arm-none-eabi/lib/cortex-m7/fpu/fpv5-sp-d16/libc_nano.a
END GROUP
START GROUP
LOAD /usr/local/Cellar/gcc-arm-none-eabi-49/20150609/bin/../lib/gcc/arm-none-eabi/4.9.3/cortex-m7/fpu/fpv5-sp-d16/libgcc.a
LOAD /usr/local/Cellar/gcc-arm-none-eabi-49/20150609/bin/../lib/gcc/arm-none-eabi/4.9.3/../../../../arm-none-eabi/lib/cortex-m7/fpu/fpv5-sp-d16/libc_nano.a
LOAD /usr/local/Cellar/gcc-arm-none-eabi-49/20150609/bin/../lib/gcc/arm-none-eabi/4.9.3/../../../../arm-none-eabi/lib/cortex-m7/fpu/fpv5-sp-d16/libnosys.a
END GROUP
START GROUP
LOAD /usr/local/Cellar/gcc-arm-none-eabi-49/20150609/bin/../lib/gcc/arm-none-eabi/4.9.3/cortex-m7/fpu/fpv5-sp-d16/libgcc.a
LOAD /usr/local/Cellar/gcc-arm-none-eabi-49/20150609/bin/../lib/gcc/arm-none-eabi/4.9.3/../../../../arm-none-eabi/lib/cortex-m7/fpu/fpv5-sp-d16/libc_nano.a
LOAD /usr/local/Cellar/gcc-arm-none-eabi-49/20150609/bin/../lib/gcc/arm-none-eabi/4.9.3/../../../../arm-none-eabi/lib/cortex-m7/fpu/fpv5-sp-d16/libnosys.a
END GROUP
LOAD /usr/local/Cellar/gcc-arm-none-eabi-49/20150609/bin/../lib/gcc/arm-none-eabi/4.9.3/cortex-m7/fpu/fpv5-sp-d16/crtend.o
LOAD /usr/local/Cellar/gcc-arm-none-eabi-49/20150609/bin/../lib/gcc/arm-none-eabi/4.9.3/cortex-m7/fpu/fpv5-sp-d16/crtn.o
                0x0000000020050000                _estack = 0x20050000
                0x0000000000000200                _Min_Heap_Size = 0x200
                0x0000000000000400                _Min_Stack_Size = 0x400

.isr_vector     0x0000000008000000      0x1c8
                0x0000000008000000                . = ALIGN (0x4)
 *(.isr_vector)
 .isr_vector    0x0000000008000000      0x1c8 CMakeFiles/app.elf.dir/Users/pacifist/Documents/Qt/StreamStack/platforms/Discovery_M7/1.0/STM32Cube_FW_F7_V1.3.0/Drivers/CMSIS/Device/ST/STM32F7xx/Source/Templates/gcc/startup_stm32f746xx.s.o
                0x0000000008000000                g_pfnVectors
                0x00000000080001c8                . = ALIGN (0x4)

.text           0x00000000080001c8     0x4784
                0x00000000080001c8                . = ALIGN (0x4)
 *(.text)
 .text          0x00000000080001c8       0x5c /usr/local/Cellar/gcc-arm-none-eabi-49/20150609/bin/../lib/gcc/arm-none-eabi/4.9.3/cortex-m7/fpu/fpv5-sp-d16/crtbegin.o
 .text          0x0000000008000224      0xabc /usr/local/Cellar/gcc-arm-none-eabi-49/20150609/bin/../lib/gcc/arm-none-eabi/4.9.3/cortex-m7/fpu/fpv5-sp-d16/libgcc.a(unwind-arm.o)
                0x0000000008000510                _Unwind_GetCFA
                0x0000000008000514                __gnu_Unwind_RaiseException
                0x0000000008000574                __gnu_Unwind_ForcedUnwind
                0x0000000008000588                __gnu_Unwind_Resume
                0x00000000080005cc                __gnu_Unwind_Resume_or_Rethrow
                0x00000000080005e0                _Unwind_Complete
                0x00000000080005e4                _Unwind_DeleteException
                0x00000000080005f0                _Unwind_VRS_Get
                0x0000000008000644                _Unwind_VRS_Set
                0x0000000008000698                __gnu_Unwind_Backtrace
                0x0000000008000a04                __aeabi_unwind_cpp_pr0
                0x0000000008000a08                __aeabi_unwind_cpp_pr1
                0x0000000008000a0c                __aeabi_unwind_cpp_pr2
                0x0000000008000a10                _Unwind_VRS_Pop
 .text          0x0000000008000ce0      0x1ac /usr/local/Cellar/gcc-arm-none-eabi-49/20150609/bin/../lib/gcc/arm-none-eabi/4.9.3/cortex-m7/fpu/fpv5-sp-d16/libgcc.a(libunwind.o)
                0x0000000008000ce0                __restore_core_regs
                0x0000000008000ce0                restore_core_regs
                0x0000000008000cf8                __gnu_Unwind_Restore_VFP
                0x0000000008000d00                __gnu_Unwind_Save_VFP
                0x0000000008000d08                __gnu_Unwind_Restore_VFP_D
                0x0000000008000d10                __gnu_Unwind_Save_VFP_D
                0x0000000008000d18                __gnu_Unwind_Restore_VFP_D_16_to_31
                0x0000000008000d20                __gnu_Unwind_Save_VFP_D_16_to_31
                0x0000000008000d28                __gnu_Unwind_Restore_WMMXD
                0x0000000008000d6c                __gnu_Unwind_Save_WMMXD
                0x0000000008000db0                __gnu_Unwind_Restore_WMMXC
                0x0000000008000dc4                __gnu_Unwind_Save_WMMXC
                0x0000000008000dd8                _Unwind_RaiseException
                0x0000000008000dd8                ___Unwind_RaiseException
                0x0000000008000dfc                ___Unwind_Resume
                0x0000000008000dfc                _Unwind_Resume
                0x0000000008000e20                ___Unwind_Resume_or_Rethrow
                0x0000000008000e20                _Unwind_Resume_or_Rethrow
                0x0000000008000e44                _Unwind_ForcedUnwind
                0x0000000008000e44                ___Unwind_ForcedUnwind
                0x0000000008000e68                _Unwind_Backtrace
                0x0000000008000e68                ___Unwind_Backtrace
 .text          0x0000000008000e8c      0x3c0 /usr/local/Cellar/gcc-arm-none-eabi-49/20150609/bin/../lib/gcc/arm-none-eabi/4.9.3/cortex-m7/fpu/fpv5-sp-d16/libgcc.a(pr-support.o)
                0x0000000008000ee4                __gnu_unwind_execute
                0x00000000080011f0                __gnu_unwind_frame
                0x000000000800121c                _Unwind_GetRegionStart
                0x0000000008001228                _Unwind_GetLanguageSpecificData
                0x000000000800123c                _Unwind_GetDataRelBase
                0x0000000008001244                _Unwind_GetTextRelBase
 *(.text*)
 .text._ZN10OscillatorC2Ev
                0x000000000800124c       0x44 CMakeFiles/app.elf.dir/Src/main.cpp.o
                0x000000000800124c                Oscillator::Oscillator()
                0x000000000800124c                Oscillator::Oscillator()
 .text._ZN10Oscillator7processERf
                0x0000000008001290       0xa8 CMakeFiles/app.elf.dir/Src/main.cpp.o
                0x0000000008001290                Oscillator::process(float&)
 .text._Z18SystemClock_Configv
                0x0000000008001338       0xc8 CMakeFiles/app.elf.dir/Src/main.cpp.o
                0x0000000008001338                SystemClock_Config()
 .text.startup.main
                0x0000000008001400       0xf8 CMakeFiles/app.elf.dir/Src/main.cpp.o
                0x0000000008001400                main
 .text.HAL_SAI_TxCpltCallback
                0x00000000080014f8      0x14c CMakeFiles/app.elf.dir/Src/main.cpp.o
                0x00000000080014f8                HAL_SAI_TxCpltCallback
 .text.HAL_GPIO_EXTI_Callback
                0x0000000008001644        0x2 CMakeFiles/app.elf.dir/Src/main.cpp.o
                0x0000000008001644                HAL_GPIO_EXTI_Callback
 *fill*         0x0000000008001646        0x2 
 .text.startup._GLOBAL__sub_I_Oscillators
                0x0000000008001648       0x54 CMakeFiles/app.elf.dir/Src/main.cpp.o
 .text.wm8994_DeInit
                0x000000000800169c        0x2 CMakeFiles/app.elf.dir/Src/codec.c.o
                0x000000000800169c                wm8994_DeInit
 *fill*         0x000000000800169e        0x2 
 .text.CODEC_IO_Write
                0x00000000080016a0       0x30 CMakeFiles/app.elf.dir/Src/codec.c.o
 .text.wm8994_SetOutputMode
                0x00000000080016d0       0xc0 CMakeFiles/app.elf.dir/Src/codec.c.o
                0x00000000080016d0                wm8994_SetOutputMode
 .text.wm8994_SetFrequency
                0x0000000008001790       0x78 CMakeFiles/app.elf.dir/Src/codec.c.o
                0x0000000008001790                wm8994_SetFrequency
 .text.wm8994_Reset
                0x0000000008001808       0x1c CMakeFiles/app.elf.dir/Src/codec.c.o
                0x0000000008001808                wm8994_Reset
 .text.wm8994_ReadID
                0x0000000008001824       0x30 CMakeFiles/app.elf.dir/Src/codec.c.o
                0x0000000008001824                wm8994_ReadID
 .text.wm8994_SetInputVolume
                0x0000000008001854       0x50 CMakeFiles/app.elf.dir/Src/codec.c.o
                0x0000000008001854                wm8994_SetInputVolume
 .text.wm8994_SetMute
                0x00000000080018a4       0x4c CMakeFiles/app.elf.dir/Src/codec.c.o
                0x00000000080018a4                wm8994_SetMute
 .text.wm8994_Play
                0x00000000080018f0        0x6 CMakeFiles/app.elf.dir/Src/codec.c.o
                0x00000000080018f0                wm8994_Play
 .text.wm8994_Pause
                0x00000000080018f6       0x1a CMakeFiles/app.elf.dir/Src/codec.c.o
                0x00000000080018f6                wm8994_Pause
 .text.wm8994_Resume
                0x0000000008001910        0x6 CMakeFiles/app.elf.dir/Src/codec.c.o
                0x0000000008001910                wm8994_Resume
 *fill*         0x0000000008001916        0x2 
 .text.wm8994_Stop
                0x0000000008001918       0x78 CMakeFiles/app.elf.dir/Src/codec.c.o
                0x0000000008001918                wm8994_Stop
 .text.wm8994_SetOutputVolume
                0x0000000008001990       0x58 CMakeFiles/app.elf.dir/Src/codec.c.o
                0x0000000008001990                wm8994_SetOutputVolume
 .text.wm8994_Init
                0x00000000080019e8      0x530 CMakeFiles/app.elf.dir/Src/codec.c.o
                0x00000000080019e8                wm8994_Init
 .text.MX_DMA_Init
                0x0000000008001f18       0x34 CMakeFiles/app.elf.dir/Src/dma.c.o
                0x0000000008001f18                MX_DMA_Init
 .text.MX_GPIO_Init
                0x0000000008001f4c       0xac CMakeFiles/app.elf.dir/Src/gpio.c.o
                0x0000000008001f4c                MX_GPIO_Init
 .text.MX_I2C3_Init
                0x0000000008001ff8       0x3c CMakeFiles/app.elf.dir/Src/i2c.c.o
                0x0000000008001ff8                MX_I2C3_Init
 .text.HAL_I2C_MspInit
                0x0000000008002034       0x74 CMakeFiles/app.elf.dir/Src/i2c.c.o
                0x0000000008002034                HAL_I2C_MspInit
 .text.MX_SAI2_Init
                0x00000000080020a8       0x60 CMakeFiles/app.elf.dir/Src/sai.c.o
                0x00000000080020a8                MX_SAI2_Init
 .text.HAL_SAI_MspInit
                0x0000000008002108       0xbc CMakeFiles/app.elf.dir/Src/sai.c.o
                0x0000000008002108                HAL_SAI_MspInit
 .text.HAL_MspInit
                0x00000000080021c4       0x48 CMakeFiles/app.elf.dir/Src/stm32f7xx_hal_msp.c.o
                0x00000000080021c4                HAL_MspInit
 .text.NMI_Handler
                0x000000000800220c        0x2 CMakeFiles/app.elf.dir/Src/stm32f7xx_it.c.o
                0x000000000800220c                NMI_Handler
 .text.HardFault_Handler
                0x000000000800220e        0x2 CMakeFiles/app.elf.dir/Src/stm32f7xx_it.c.o
                0x000000000800220e                HardFault_Handler
 .text.MemManage_Handler
                0x0000000008002210        0x2 CMakeFiles/app.elf.dir/Src/stm32f7xx_it.c.o
                0x0000000008002210                MemManage_Handler
 .text.BusFault_Handler
                0x0000000008002212        0x2 CMakeFiles/app.elf.dir/Src/stm32f7xx_it.c.o
                0x0000000008002212                BusFault_Handler
 .text.UsageFault_Handler
                0x0000000008002214        0x2 CMakeFiles/app.elf.dir/Src/stm32f7xx_it.c.o
                0x0000000008002214                UsageFault_Handler
 .text.DebugMon_Handler
                0x0000000008002216        0x2 CMakeFiles/app.elf.dir/Src/stm32f7xx_it.c.o
                0x0000000008002216                DebugMon_Handler
 .text.SysTick_Handler
                0x0000000008002218        0xe CMakeFiles/app.elf.dir/Src/stm32f7xx_it.c.o
                0x0000000008002218                SysTick_Handler
 .text.EXTI15_10_IRQHandler
                0x0000000008002226        0x8 CMakeFiles/app.elf.dir/Src/stm32f7xx_it.c.o
                0x0000000008002226                EXTI15_10_IRQHandler
 *fill*         0x000000000800222e        0x2 
 .text.DMA2_Stream4_IRQHandler
                0x0000000008002230        0xc CMakeFiles/app.elf.dir/Src/stm32f7xx_it.c.o
                0x0000000008002230                DMA2_Stream4_IRQHandler
 .text.I2C3_EV_IRQHandler
                0x000000000800223c        0xc CMakeFiles/app.elf.dir/Src/stm32f7xx_it.c.o
                0x000000000800223c                I2C3_EV_IRQHandler
 .text.I2C3_ER_IRQHandler
                0x0000000008002248        0xc CMakeFiles/app.elf.dir/Src/stm32f7xx_it.c.o
                0x0000000008002248                I2C3_ER_IRQHandler
 .text.SAI2_IRQHandler
                0x0000000008002254        0xc CMakeFiles/app.elf.dir/Src/stm32f7xx_it.c.o
                0x0000000008002254                SAI2_IRQHandler
 .text.HAL_InitTick
                0x0000000008002260       0x24 CMakeFiles/app.elf.dir/Users/pacifist/Documents/Qt/StreamStack/platforms/Discovery_M7/1.0/STM32Cube_FW_F7_V1.3.0/Drivers/STM32F7xx_HAL_Driver/Src/stm32f7xx_hal.c.o
                0x0000000008002260                HAL_InitTick
 .text.HAL_Init
                0x0000000008002284       0x24 CMakeFiles/app.elf.dir/Users/pacifist/Documents/Qt/StreamStack/platforms/Discovery_M7/1.0/STM32Cube_FW_F7_V1.3.0/Drivers/STM32F7xx_HAL_Driver/Src/stm32f7xx_hal.c.o
                0x0000000008002284                HAL_Init
 .text.HAL_IncTick
                0x00000000080022a8       0x10 CMakeFiles/app.elf.dir/Users/pacifist/Documents/Qt/StreamStack/platforms/Discovery_M7/1.0/STM32Cube_FW_F7_V1.3.0/Drivers/STM32F7xx_HAL_Driver/Src/stm32f7xx_hal.c.o
                0x00000000080022a8                HAL_IncTick
 .text.HAL_GetTick
                0x00000000080022b8        0xc CMakeFiles/app.elf.dir/Users/pacifist/Documents/Qt/StreamStack/platforms/Discovery_M7/1.0/STM32Cube_FW_F7_V1.3.0/Drivers/STM32F7xx_HAL_Driver/Src/stm32f7xx_hal.c.o
                0x00000000080022b8                HAL_GetTick
 .text.HAL_Delay
                0x00000000080022c4       0x1a CMakeFiles/app.elf.dir/Users/pacifist/Documents/Qt/StreamStack/platforms/Discovery_M7/1.0/STM32Cube_FW_F7_V1.3.0/Drivers/STM32F7xx_HAL_Driver/Src/stm32f7xx_hal.c.o
                0x00000000080022c4                HAL_Delay
 *fill*         0x00000000080022de        0x2 
 .text.HAL_NVIC_SetPriorityGrouping
                0x00000000080022e0       0x24 CMakeFiles/app.elf.dir/Users/pacifist/Documents/Qt/StreamStack/platforms/Discovery_M7/1.0/STM32Cube_FW_F7_V1.3.0/Drivers/STM32F7xx_HAL_Driver/Src/stm32f7xx_hal_cortex.c.o
                0x00000000080022e0                HAL_NVIC_SetPriorityGrouping
 .text.HAL_NVIC_SetPriority
                0x0000000008002304       0x70 CMakeFiles/app.elf.dir/Users/pacifist/Documents/Qt/StreamStack/platforms/Discovery_M7/1.0/STM32Cube_FW_F7_V1.3.0/Drivers/STM32F7xx_HAL_Driver/Src/stm32f7xx_hal_cortex.c.o
                0x0000000008002304                HAL_NVIC_SetPriority
 .text.HAL_NVIC_EnableIRQ
                0x0000000008002374       0x18 CMakeFiles/app.elf.dir/Users/pacifist/Documents/Qt/StreamStack/platforms/Discovery_M7/1.0/STM32Cube_FW_F7_V1.3.0/Drivers/STM32F7xx_HAL_Driver/Src/stm32f7xx_hal_cortex.c.o
                0x0000000008002374                HAL_NVIC_EnableIRQ
 .text.HAL_SYSTICK_Config
                0x000000000800238c       0x2c CMakeFiles/app.elf.dir/Users/pacifist/Documents/Qt/StreamStack/platforms/Discovery_M7/1.0/STM32Cube_FW_F7_V1.3.0/Drivers/STM32F7xx_HAL_Driver/Src/stm32f7xx_hal_cortex.c.o
                0x000000000800238c                HAL_SYSTICK_Config
 .text.HAL_SYSTICK_CLKSourceConfig
                0x00000000080023b8       0x18 CMakeFiles/app.elf.dir/Users/pacifist/Documents/Qt/StreamStack/platforms/Discovery_M7/1.0/STM32Cube_FW_F7_V1.3.0/Drivers/STM32F7xx_HAL_Driver/Src/stm32f7xx_hal_cortex.c.o
                0x00000000080023b8                HAL_SYSTICK_CLKSourceConfig
 .text.HAL_SYSTICK_Callback
                0x00000000080023d0        0xc CMakeFiles/app.elf.dir/Users/pacifist/Documents/Qt/StreamStack/platforms/Discovery_M7/1.0/STM32Cube_FW_F7_V1.3.0/Drivers/STM32F7xx_HAL_Driver/Src/stm32f7xx_hal_cortex.c.o
                0x00000000080023d0                HAL_SYSTICK_Callback
 .text.HAL_SYSTICK_IRQHandler
                0x00000000080023dc        0x8 CMakeFiles/app.elf.dir/Users/pacifist/Documents/Qt/StreamStack/platforms/Discovery_M7/1.0/STM32Cube_FW_F7_V1.3.0/Drivers/STM32F7xx_HAL_Driver/Src/stm32f7xx_hal_cortex.c.o
                0x00000000080023dc                HAL_SYSTICK_IRQHandler
 .text.DMA_CalcBaseAndBitshift
                0x00000000080023e4       0x2c CMakeFiles/app.elf.dir/Users/pacifist/Documents/Qt/StreamStack/platforms/Discovery_M7/1.0/STM32Cube_FW_F7_V1.3.0/Drivers/STM32F7xx_HAL_Driver/Src/stm32f7xx_hal_dma.c.o
 .text.HAL_DMA_Init
                0x0000000008002410       0x74 CMakeFiles/app.elf.dir/Users/pacifist/Documents/Qt/StreamStack/platforms/Discovery_M7/1.0/STM32Cube_FW_F7_V1.3.0/Drivers/STM32F7xx_HAL_Driver/Src/stm32f7xx_hal_dma.c.o
                0x0000000008002410                HAL_DMA_Init
 .text.HAL_DMA_Abort
                0x0000000008002484       0x4c CMakeFiles/app.elf.dir/Users/pacifist/Documents/Qt/StreamStack/platforms/Discovery_M7/1.0/STM32Cube_FW_F7_V1.3.0/Drivers/STM32F7xx_HAL_Driver/Src/stm32f7xx_hal_dma.c.o
                0x0000000008002484                HAL_DMA_Abort
 .text.HAL_DMA_IRQHandler
                0x00000000080024d0      0x160 CMakeFiles/app.elf.dir/Users/pacifist/Documents/Qt/StreamStack/platforms/Discovery_M7/1.0/STM32Cube_FW_F7_V1.3.0/Drivers/STM32F7xx_HAL_Driver/Src/stm32f7xx_hal_dma.c.o
                0x00000000080024d0                HAL_DMA_IRQHandler
 .text.HAL_GPIO_Init
                0x0000000008002630      0x1e4 CMakeFiles/app.elf.dir/Users/pacifist/Documents/Qt/StreamStack/platforms/Discovery_M7/1.0/STM32Cube_FW_F7_V1.3.0/Drivers/STM32F7xx_HAL_Driver/Src/stm32f7xx_hal_gpio.c.o
                0x0000000008002630                HAL_GPIO_Init
 .text.HAL_GPIO_WritePin
                0x0000000008002814        0x8 CMakeFiles/app.elf.dir/Users/pacifist/Documents/Qt/StreamStack/platforms/Discovery_M7/1.0/STM32Cube_FW_F7_V1.3.0/Drivers/STM32F7xx_HAL_Driver/Src/stm32f7xx_hal_gpio.c.o
                0x0000000008002814                HAL_GPIO_WritePin
 .text.HAL_GPIO_TogglePin
                0x000000000800281c        0x8 CMakeFiles/app.elf.dir/Users/pacifist/Documents/Qt/StreamStack/platforms/Discovery_M7/1.0/STM32Cube_FW_F7_V1.3.0/Drivers/STM32F7xx_HAL_Driver/Src/stm32f7xx_hal_gpio.c.o
                0x000000000800281c                HAL_GPIO_TogglePin
 .text.HAL_GPIO_EXTI_IRQHandler
                0x0000000008002824       0x18 CMakeFiles/app.elf.dir/Users/pacifist/Documents/Qt/StreamStack/platforms/Discovery_M7/1.0/STM32Cube_FW_F7_V1.3.0/Drivers/STM32F7xx_HAL_Driver/Src/stm32f7xx_hal_gpio.c.o
                0x0000000008002824                HAL_GPIO_EXTI_IRQHandler
 .text.HAL_PWREx_EnableOverDrive
                0x000000000800283c       0x74 CMakeFiles/app.elf.dir/Users/pacifist/Documents/Qt/StreamStack/platforms/Discovery_M7/1.0/STM32Cube_FW_F7_V1.3.0/Drivers/STM32F7xx_HAL_Driver/Src/stm32f7xx_hal_pwr_ex.c.o
                0x000000000800283c                HAL_PWREx_EnableOverDrive
 .text.HAL_RCC_OscConfig
                0x00000000080028b0      0x3ac CMakeFiles/app.elf.dir/Users/pacifist/Documents/Qt/StreamStack/platforms/Discovery_M7/1.0/STM32Cube_FW_F7_V1.3.0/Drivers/STM32F7xx_HAL_Driver/Src/stm32f7xx_hal_rcc.c.o
                0x00000000080028b0                HAL_RCC_OscConfig
 .text.HAL_RCC_ClockConfig
                0x0000000008002c5c      0x1cc CMakeFiles/app.elf.dir/Users/pacifist/Documents/Qt/StreamStack/platforms/Discovery_M7/1.0/STM32Cube_FW_F7_V1.3.0/Drivers/STM32F7xx_HAL_Driver/Src/stm32f7xx_hal_rcc.c.o
                0x0000000008002c5c                HAL_RCC_ClockConfig
 .text.HAL_RCC_GetSysClockFreq
                0x0000000008002e28       0x80 CMakeFiles/app.elf.dir/Users/pacifist/Documents/Qt/StreamStack/platforms/Discovery_M7/1.0/STM32Cube_FW_F7_V1.3.0/Drivers/STM32F7xx_HAL_Driver/Src/stm32f7xx_hal_rcc.c.o
                0x0000000008002e28                HAL_RCC_GetSysClockFreq
 .text.HAL_RCC_GetHCLKFreq
                0x0000000008002ea8       0x34 CMakeFiles/app.elf.dir/Users/pacifist/Documents/Qt/StreamStack/platforms/Discovery_M7/1.0/STM32Cube_FW_F7_V1.3.0/Drivers/STM32F7xx_HAL_Driver/Src/stm32f7xx_hal_rcc.c.o
                0x0000000008002ea8                HAL_RCC_GetHCLKFreq
 .text.HAL_RCCEx_PeriphCLKConfig
                0x0000000008002edc      0x738 CMakeFiles/app.elf.dir/Users/pacifist/Documents/Qt/StreamStack/platforms/Discovery_M7/1.0/STM32Cube_FW_F7_V1.3.0/Drivers/STM32F7xx_HAL_Driver/Src/stm32f7xx_hal_rcc_ex.c.o
                0x0000000008002edc                HAL_RCCEx_PeriphCLKConfig
 .text.HAL_RCCEx_GetPeriphCLKFreq
                0x0000000008003614       0xc8 CMakeFiles/app.elf.dir/Users/pacifist/Documents/Qt/StreamStack/platforms/Discovery_M7/1.0/STM32Cube_FW_F7_V1.3.0/Drivers/STM32F7xx_HAL_Driver/Src/stm32f7xx_hal_rcc_ex.c.o
                0x0000000008003614                HAL_RCCEx_GetPeriphCLKFreq
 .text.SAI_FillFifo
                0x00000000080036dc       0x48 CMakeFiles/app.elf.dir/Users/pacifist/Documents/Qt/StreamStack/platforms/Discovery_M7/1.0/STM32Cube_FW_F7_V1.3.0/Drivers/STM32F7xx_HAL_Driver/Src/stm32f7xx_hal_sai.c.o
 .text.SAI_InterruptFlag
                0x0000000008003724       0x2c CMakeFiles/app.elf.dir/Users/pacifist/Documents/Qt/StreamStack/platforms/Discovery_M7/1.0/STM32Cube_FW_F7_V1.3.0/Drivers/STM32F7xx_HAL_Driver/Src/stm32f7xx_hal_sai.c.o
 .text.SAI_Disable
                0x0000000008003750       0x3a CMakeFiles/app.elf.dir/Users/pacifist/Documents/Qt/StreamStack/platforms/Discovery_M7/1.0/STM32Cube_FW_F7_V1.3.0/Drivers/STM32F7xx_HAL_Driver/Src/stm32f7xx_hal_sai.c.o
 *fill*         0x000000000800378a        0x2 
 .text.HAL_SAI_Init
                0x000000000800378c      0x128 CMakeFiles/app.elf.dir/Users/pacifist/Documents/Qt/StreamStack/platforms/Discovery_M7/1.0/STM32Cube_FW_F7_V1.3.0/Drivers/STM32F7xx_HAL_Driver/Src/stm32f7xx_hal_sai.c.o
                0x000000000800378c                HAL_SAI_Init
 .text.HAL_SAI_Transmit_IT
                0x00000000080038b4       0x94 CMakeFiles/app.elf.dir/Users/pacifist/Documents/Qt/StreamStack/platforms/Discovery_M7/1.0/STM32Cube_FW_F7_V1.3.0/Drivers/STM32F7xx_HAL_Driver/Src/stm32f7xx_hal_sai.c.o
                0x00000000080038b4                HAL_SAI_Transmit_IT
 .text.HAL_SAI_Abort
                0x0000000008003948       0x56 CMakeFiles/app.elf.dir/Users/pacifist/Documents/Qt/StreamStack/platforms/Discovery_M7/1.0/STM32Cube_FW_F7_V1.3.0/Drivers/STM32F7xx_HAL_Driver/Src/stm32f7xx_hal_sai.c.o
                0x0000000008003948                HAL_SAI_Abort
 .text.SAI_Transmit_IT32Bit
                0x000000000800399e       0x3a CMakeFiles/app.elf.dir/Users/pacifist/Documents/Qt/StreamStack/platforms/Discovery_M7/1.0/STM32Cube_FW_F7_V1.3.0/Drivers/STM32F7xx_HAL_Driver/Src/stm32f7xx_hal_sai.c.o
 .text.SAI_Transmit_IT16Bit
                0x00000000080039d8       0x3a CMakeFiles/app.elf.dir/Users/pacifist/Documents/Qt/StreamStack/platforms/Discovery_M7/1.0/STM32Cube_FW_F7_V1.3.0/Drivers/STM32F7xx_HAL_Driver/Src/stm32f7xx_hal_sai.c.o
 .text.SAI_Transmit_IT8Bit
                0x0000000008003a12       0x3a CMakeFiles/app.elf.dir/Users/pacifist/Documents/Qt/StreamStack/platforms/Discovery_M7/1.0/STM32Cube_FW_F7_V1.3.0/Drivers/STM32F7xx_HAL_Driver/Src/stm32f7xx_hal_sai.c.o
 .text.HAL_SAI_ErrorCallback
                0x0000000008003a4c        0x2 CMakeFiles/app.elf.dir/Users/pacifist/Documents/Qt/StreamStack/platforms/Discovery_M7/1.0/STM32Cube_FW_F7_V1.3.0/Drivers/STM32F7xx_HAL_Driver/Src/stm32f7xx_hal_sai.c.o
                0x0000000008003a4c                HAL_SAI_ErrorCallback
 .text.HAL_SAI_IRQHandler
                0x0000000008003a4e       0xc4 CMakeFiles/app.elf.dir/Users/pacifist/Documents/Qt/StreamStack/platforms/Discovery_M7/1.0/STM32Cube_FW_F7_V1.3.0/Drivers/STM32F7xx_HAL_Driver/Src/stm32f7xx_hal_sai.c.o
                0x0000000008003a4e                HAL_SAI_IRQHandler
 *fill*         0x0000000008003b12        0x2 
 .text.SAI_BlockSynchroConfig
                0x0000000008003b14       0x40 CMakeFiles/app.elf.dir/Users/pacifist/Documents/Qt/StreamStack/platforms/Discovery_M7/1.0/STM32Cube_FW_F7_V1.3.0/Drivers/STM32F7xx_HAL_Driver/Src/stm32f7xx_hal_sai_ex.c.o
                0x0000000008003b14                SAI_BlockSynchroConfig
 .text.SAI_GetInputClock
                0x0000000008003b54       0x20 CMakeFiles/app.elf.dir/Users/pacifist/Documents/Qt/StreamStack/platforms/Discovery_M7/1.0/STM32Cube_FW_F7_V1.3.0/Drivers/STM32F7xx_HAL_Driver/Src/stm32f7xx_hal_sai_ex.c.o
                0x0000000008003b54                SAI_GetInputClock
 .text.I2C_TransferConfig
                0x0000000008003b74       0x2a CMakeFiles/app.elf.dir/Users/pacifist/Documents/Qt/StreamStack/platforms/Discovery_M7/1.0/STM32Cube_FW_F7_V1.3.0/Drivers/STM32F7xx_HAL_Driver/Src/stm32f7xx_hal_i2c.c.o
 *fill*         0x0000000008003b9e        0x2 
 .text.I2C_IsAcknowledgeFailed
                0x0000000008003ba0       0x74 CMakeFiles/app.elf.dir/Users/pacifist/Documents/Qt/StreamStack/platforms/Discovery_M7/1.0/STM32Cube_FW_F7_V1.3.0/Drivers/STM32F7xx_HAL_Driver/Src/stm32f7xx_hal_i2c.c.o
 .text.I2C_WaitOnFlagUntilTimeout
                0x0000000008003c14       0x70 CMakeFiles/app.elf.dir/Users/pacifist/Documents/Qt/StreamStack/platforms/Discovery_M7/1.0/STM32Cube_FW_F7_V1.3.0/Drivers/STM32F7xx_HAL_Driver/Src/stm32f7xx_hal_i2c.c.o
 .text.I2C_WaitOnTXISFlagUntilTimeout
                0x0000000008003c84       0x50 CMakeFiles/app.elf.dir/Users/pacifist/Documents/Qt/StreamStack/platforms/Discovery_M7/1.0/STM32Cube_FW_F7_V1.3.0/Drivers/STM32F7xx_HAL_Driver/Src/stm32f7xx_hal_i2c.c.o
 .text.I2C_RequestMemoryWrite
                0x0000000008003cd4       0x62 CMakeFiles/app.elf.dir/Users/pacifist/Documents/Qt/StreamStack/platforms/Discovery_M7/1.0/STM32Cube_FW_F7_V1.3.0/Drivers/STM32F7xx_HAL_Driver/Src/stm32f7xx_hal_i2c.c.o
 .text.I2C_RequestMemoryRead
                0x0000000008003d36       0x60 CMakeFiles/app.elf.dir/Users/pacifist/Documents/Qt/StreamStack/platforms/Discovery_M7/1.0/STM32Cube_FW_F7_V1.3.0/Drivers/STM32F7xx_HAL_Driver/Src/stm32f7xx_hal_i2c.c.o
 .text.I2C_WaitOnSTOPFlagUntilTimeout
                0x0000000008003d96       0x4c CMakeFiles/app.elf.dir/Users/pacifist/Documents/Qt/StreamStack/platforms/Discovery_M7/1.0/STM32Cube_FW_F7_V1.3.0/Drivers/STM32F7xx_HAL_Driver/Src/stm32f7xx_hal_i2c.c.o
 .text.HAL_I2C_Init
                0x0000000008003de2       0x96 CMakeFiles/app.elf.dir/Users/pacifist/Documents/Qt/StreamStack/platforms/Discovery_M7/1.0/STM32Cube_FW_F7_V1.3.0/Drivers/STM32F7xx_HAL_Driver/Src/stm32f7xx_hal_i2c.c.o
                0x0000000008003de2                HAL_I2C_Init
 .text.HAL_I2C_Mem_Write
                0x0000000008003e78       0xf4 CMakeFiles/app.elf.dir/Users/pacifist/Documents/Qt/StreamStack/platforms/Discovery_M7/1.0/STM32Cube_FW_F7_V1.3.0/Drivers/STM32F7xx_HAL_Driver/Src/stm32f7xx_hal_i2c.c.o
                0x0000000008003e78                HAL_I2C_Mem_Write
 .text.HAL_I2C_Mem_Read
                0x0000000008003f6c      0x100 CMakeFiles/app.elf.dir/Users/pacifist/Documents/Qt/StreamStack/platforms/Discovery_M7/1.0/STM32Cube_FW_F7_V1.3.0/Drivers/STM32F7xx_HAL_Driver/Src/stm32f7xx_hal_i2c.c.o
                0x0000000008003f6c                HAL_I2C_Mem_Read
 .text.HAL_I2C_MasterTxCpltCallback
                0x000000000800406c        0x2 CMakeFiles/app.elf.dir/Users/pacifist/Documents/Qt/StreamStack/platforms/Discovery_M7/1.0/STM32Cube_FW_F7_V1.3.0/Drivers/STM32F7xx_HAL_Driver/Src/stm32f7xx_hal_i2c.c.o
                0x000000000800406c                HAL_I2C_MasterTxCpltCallback
 .text.HAL_I2C_MasterRxCpltCallback
                0x000000000800406e        0x2 CMakeFiles/app.elf.dir/Users/pacifist/Documents/Qt/StreamStack/platforms/Discovery_M7/1.0/STM32Cube_FW_F7_V1.3.0/Drivers/STM32F7xx_HAL_Driver/Src/stm32f7xx_hal_i2c.c.o
                0x000000000800406e                HAL_I2C_MasterRxCpltCallback
 .text.HAL_I2C_SlaveTxCpltCallback
                0x0000000008004070        0x2 CMakeFiles/app.elf.dir/Users/pacifist/Documents/Qt/StreamStack/platforms/Discovery_M7/1.0/STM32Cube_FW_F7_V1.3.0/Drivers/STM32F7xx_HAL_Driver/Src/stm32f7xx_hal_i2c.c.o
                0x0000000008004070                HAL_I2C_SlaveTxCpltCallback
 .text.HAL_I2C_SlaveRxCpltCallback
                0x0000000008004072        0x2 CMakeFiles/app.elf.dir/Users/pacifist/Documents/Qt/StreamStack/platforms/Discovery_M7/1.0/STM32Cube_FW_F7_V1.3.0/Drivers/STM32F7xx_HAL_Driver/Src/stm32f7xx_hal_i2c.c.o
                0x0000000008004072                HAL_I2C_SlaveRxCpltCallback
 .text.HAL_I2C_MemTxCpltCallback
                0x0000000008004074        0x2 CMakeFiles/app.elf.dir/Users/pacifist/Documents/Qt/StreamStack/platforms/Discovery_M7/1.0/STM32Cube_FW_F7_V1.3.0/Drivers/STM32F7xx_HAL_Driver/Src/stm32f7xx_hal_i2c.c.o
                0x0000000008004074                HAL_I2C_MemTxCpltCallback
 .text.HAL_I2C_MemRxCpltCallback
                0x0000000008004076        0x2 CMakeFiles/app.elf.dir/Users/pacifist/Documents/Qt/StreamStack/platforms/Discovery_M7/1.0/STM32Cube_FW_F7_V1.3.0/Drivers/STM32F7xx_HAL_Driver/Src/stm32f7xx_hal_i2c.c.o
                0x0000000008004076                HAL_I2C_MemRxCpltCallback
 .text.HAL_I2C_ErrorCallback
                0x0000000008004078        0x2 CMakeFiles/app.elf.dir/Users/pacifist/Documents/Qt/StreamStack/platforms/Discovery_M7/1.0/STM32Cube_FW_F7_V1.3.0/Drivers/STM32F7xx_HAL_Driver/Src/stm32f7xx_hal_i2c.c.o
                0x0000000008004078                HAL_I2C_ErrorCallback
 *fill*         0x000000000800407a        0x2 
 .text.HAL_I2C_EV_IRQHandler
                0x000000000800407c      0x470 CMakeFiles/app.elf.dir/Users/pacifist/Documents/Qt/StreamStack/platforms/Discovery_M7/1.0/STM32Cube_FW_F7_V1.3.0/Drivers/STM32F7xx_HAL_Driver/Src/stm32f7xx_hal_i2c.c.o
                0x000000000800407c                HAL_I2C_EV_IRQHandler
 .text.HAL_I2C_ER_IRQHandler
                0x00000000080044ec       0x62 CMakeFiles/app.elf.dir/Users/pacifist/Documents/Qt/StreamStack/platforms/Discovery_M7/1.0/STM32Cube_FW_F7_V1.3.0/Drivers/STM32F7xx_HAL_Driver/Src/stm32f7xx_hal_i2c.c.o
                0x00000000080044ec                HAL_I2C_ER_IRQHandler
 .text.HAL_I2CEx_ConfigAnalogFilter
                0x000000000800454e       0x6e CMakeFiles/app.elf.dir/Users/pacifist/Documents/Qt/StreamStack/platforms/Discovery_M7/1.0/STM32Cube_FW_F7_V1.3.0/Drivers/STM32F7xx_HAL_Driver/Src/stm32f7xx_hal_i2c_ex.c.o
                0x000000000800454e                HAL_I2CEx_ConfigAnalogFilter
 .text.SystemInit
                0x00000000080045bc       0x4c CMakeFiles/app.elf.dir/Users/pacifist/Documents/Qt/StreamStack/platforms/Discovery_M7/1.0/STM32Cube_FW_F7_V1.3.0/Drivers/CMSIS/Device/ST/STM32F7xx/Source/Templates/system_stm32f7xx.c.o
                0x00000000080045bc                SystemInit
 .text.Reset_Handler
                0x0000000008004608       0x50 CMakeFiles/app.elf.dir/Users/pacifist/Documents/Qt/StreamStack/platforms/Discovery_M7/1.0/STM32Cube_FW_F7_V1.3.0/Drivers/CMSIS/Device/ST/STM32F7xx/Source/Templates/gcc/startup_stm32f746xx.s.o
                0x0000000008004608                Reset_Handler
 .text.Default_Handler
                0x0000000008004658        0x2 CMakeFiles/app.elf.dir/Users/pacifist/Documents/Qt/StreamStack/platforms/Discovery_M7/1.0/STM32Cube_FW_F7_V1.3.0/Drivers/CMSIS/Device/ST/STM32F7xx/Source/Templates/gcc/startup_stm32f746xx.s.o
                0x0000000008004658                DMA1_Stream3_IRQHandler
                0x0000000008004658                EXTI2_IRQHandler
                0x0000000008004658                TIM8_CC_IRQHandler
                0x0000000008004658                UART8_IRQHandler
                0x0000000008004658                SPI4_IRQHandler
                0x0000000008004658                TIM1_CC_IRQHandler
                0x0000000008004658                DMA2_Stream5_IRQHandler
                0x0000000008004658                DMA1_Stream5_IRQHandler
                0x0000000008004658                PVD_IRQHandler
                0x0000000008004658                TAMP_STAMP_IRQHandler
                0x0000000008004658                PendSV_Handler
                0x0000000008004658                CAN2_RX1_IRQHandler
                0x0000000008004658                EXTI3_IRQHandler
                0x0000000008004658                TIM8_TRG_COM_TIM14_IRQHandler
                0x0000000008004658                TIM1_UP_TIM10_IRQHandler
                0x0000000008004658                TIM8_UP_TIM13_IRQHandler
                0x0000000008004658                EXTI0_IRQHandler
                0x0000000008004658                I2C2_EV_IRQHandler
                0x0000000008004658                DMA1_Stream2_IRQHandler
                0x0000000008004658                CAN1_RX0_IRQHandler
                0x0000000008004658                FPU_IRQHandler
                0x0000000008004658                OTG_HS_WKUP_IRQHandler
                0x0000000008004658                LTDC_ER_IRQHandler
                0x0000000008004658                CAN2_SCE_IRQHandler
                0x0000000008004658                DMA2_Stream2_IRQHandler
                0x0000000008004658                SPI1_IRQHandler
                0x0000000008004658                TIM6_DAC_IRQHandler
                0x0000000008004658                TIM1_BRK_TIM9_IRQHandler
                0x0000000008004658                DCMI_IRQHandler
                0x0000000008004658                CAN2_RX0_IRQHandler
                0x0000000008004658                DMA2_Stream3_IRQHandler
                0x0000000008004658                USART6_IRQHandler
                0x0000000008004658                USART3_IRQHandler
                0x0000000008004658                CAN1_RX1_IRQHandler
                0x0000000008004658                UART5_IRQHandler
                0x0000000008004658                DMA2_Stream0_IRQHandler
                0x0000000008004658                TIM4_IRQHandler
                0x0000000008004658                QUADSPI_IRQHandler
                0x0000000008004658                I2C1_EV_IRQHandler
                0x0000000008004658                DMA1_Stream6_IRQHandler
                0x0000000008004658                DMA1_Stream1_IRQHandler
                0x0000000008004658                UART4_IRQHandler
                0x0000000008004658                TIM3_IRQHandler
                0x0000000008004658                RCC_IRQHandler
                0x0000000008004658                TIM8_BRK_TIM12_IRQHandler
                0x0000000008004658                Default_Handler
                0x0000000008004658                CEC_IRQHandler
                0x0000000008004658                ADC_IRQHandler
                0x0000000008004658                DMA1_Stream7_IRQHandler
                0x0000000008004658                SPI5_IRQHandler
                0x0000000008004658                TIM7_IRQHandler
                0x0000000008004658                SDMMC1_IRQHandler
                0x0000000008004658                CAN2_TX_IRQHandler
                0x0000000008004658                TIM5_IRQHandler
                0x0000000008004658                DMA2_Stream7_IRQHandler
                0x0000000008004658                EXTI9_5_IRQHandler
                0x0000000008004658                RTC_WKUP_IRQHandler
                0x0000000008004658                LTDC_IRQHandler
                0x0000000008004658                ETH_WKUP_IRQHandler
                0x0000000008004658                SPDIF_RX_IRQHandler
                0x0000000008004658                SPI2_IRQHandler
                0x0000000008004658                OTG_HS_EP1_IN_IRQHandler
                0x0000000008004658                DMA1_Stream0_IRQHandler
                0x0000000008004658                CAN1_TX_IRQHandler
                0x0000000008004658                SVC_Handler
                0x0000000008004658                EXTI4_IRQHandler
                0x0000000008004658                RNG_IRQHandler
                0x0000000008004658                ETH_IRQHandler
                0x0000000008004658                OTG_HS_EP1_OUT_IRQHandler
                0x0000000008004658                WWDG_IRQHandler
                0x0000000008004658                SPI6_IRQHandler
                0x0000000008004658                I2C4_EV_IRQHandler
                0x0000000008004658                TIM2_IRQHandler
                0x0000000008004658                OTG_FS_WKUP_IRQHandler
                0x0000000008004658                TIM1_TRG_COM_TIM11_IRQHandler
                0x0000000008004658                OTG_HS_IRQHandler
                0x0000000008004658                DMA2D_IRQHandler
                0x0000000008004658                EXTI1_IRQHandler
                0x0000000008004658                UART7_IRQHandler
                0x0000000008004658                USART2_IRQHandler
                0x0000000008004658                I2C2_ER_IRQHandler
                0x0000000008004658                DMA2_Stream1_IRQHandler
                0x0000000008004658                CAN1_SCE_IRQHandler
                0x0000000008004658                FLASH_IRQHandler
                0x0000000008004658                USART1_IRQHandler
                0x0000000008004658                OTG_FS_IRQHandler
                0x0000000008004658                SPI3_IRQHandler
                0x0000000008004658                DMA1_Stream4_IRQHandler
                0x0000000008004658                I2C1_ER_IRQHandler
                0x0000000008004658                FMC_IRQHandler
                0x0000000008004658                LPTIM1_IRQHandler
                0x0000000008004658                I2C4_ER_IRQHandler
                0x0000000008004658                DMA2_Stream6_IRQHandler
                0x0000000008004658                SAI1_IRQHandler
                0x0000000008004658                RTC_Alarm_IRQHandler
 *fill*         0x000000000800465a        0x2 
 .text.arm_float_to_q15
                0x000000000800465c      0x130 /Users/pacifist/Documents/Qt/StreamStack/platforms/Discovery_M7/1.0/platformlib/..//STM32Cube_FW_F7_V1.3.0/Drivers/CMSIS/Lib/GCC/libarm_cortexM7lfsp_math.a(arm_float_to_q15.o)
                0x000000000800465c                arm_float_to_q15
 .text.arm_sin_f32
                0x000000000800478c       0x88 /Users/pacifist/Documents/Qt/StreamStack/platforms/Discovery_M7/1.0/platformlib/..//STM32Cube_FW_F7_V1.3.0/Drivers/CMSIS/Lib/GCC/libarm_cortexM7lfsp_math.a(arm_sin_f32.o)
                0x000000000800478c                arm_sin_f32
 .text.abort    0x0000000008004814        0xe /usr/local/Cellar/gcc-arm-none-eabi-49/20150609/bin/../lib/gcc/arm-none-eabi/4.9.3/../../../../arm-none-eabi/lib/cortex-m7/fpu/fpv5-sp-d16/libc_nano.a(lib_a-abort.o)
                0x0000000008004814                abort
 *fill*         0x0000000008004822        0x2 
 .text.__libc_init_array
                0x0000000008004824       0x4c /usr/local/Cellar/gcc-arm-none-eabi-49/20150609/bin/../lib/gcc/arm-none-eabi/4.9.3/../../../../arm-none-eabi/lib/cortex-m7/fpu/fpv5-sp-d16/libc_nano.a(lib_a-init.o)
                0x0000000008004824                __libc_init_array
 .text.memcpy   0x0000000008004870       0x16 /usr/local/Cellar/gcc-arm-none-eabi-49/20150609/bin/../lib/gcc/arm-none-eabi/4.9.3/../../../../arm-none-eabi/lib/cortex-m7/fpu/fpv5-sp-d16/libc_nano.a(lib_a-memcpy.o)
                0x0000000008004870                memcpy
 .text._raise_r
                0x0000000008004886       0x50 /usr/local/Cellar/gcc-arm-none-eabi-49/20150609/bin/../lib/gcc/arm-none-eabi/4.9.3/../../../../arm-none-eabi/lib/cortex-m7/fpu/fpv5-sp-d16/libc_nano.a(lib_a-signal.o)
                0x0000000008004886                _raise_r
 *fill*         0x00000000080048d6        0x2 
 .text.raise    0x00000000080048d8       0x10 /usr/local/Cellar/gcc-arm-none-eabi-49/20150609/bin/../lib/gcc/arm-none-eabi/4.9.3/../../../../arm-none-eabi/lib/cortex-m7/fpu/fpv5-sp-d16/libc_nano.a(lib_a-signal.o)
                0x00000000080048d8                raise
 .text._kill_r  0x00000000080048e8       0x24 /usr/local/Cellar/gcc-arm-none-eabi-49/20150609/bin/../lib/gcc/arm-none-eabi/4.9.3/../../../../arm-none-eabi/lib/cortex-m7/fpu/fpv5-sp-d16/libc_nano.a(lib_a-signalr.o)
                0x00000000080048e8                _kill_r
 .text._getpid_r
                0x000000000800490c        0x4 /usr/local/Cellar/gcc-arm-none-eabi-49/20150609/bin/../lib/gcc/arm-none-eabi/4.9.3/../../../../arm-none-eabi/lib/cortex-m7/fpu/fpv5-sp-d16/libc_nano.a(lib_a-signalr.o)
                0x000000000800490c                _getpid_r
 .text._getpid  0x0000000008004910       0x10 /usr/local/Cellar/gcc-arm-none-eabi-49/20150609/bin/../lib/gcc/arm-none-eabi/4.9.3/../../../../arm-none-eabi/lib/cortex-m7/fpu/fpv5-sp-d16/libnosys.a(getpid.o)
                0x0000000008004910                _getpid
 .text._kill    0x0000000008004920       0x10 /usr/local/Cellar/gcc-arm-none-eabi-49/20150609/bin/../lib/gcc/arm-none-eabi/4.9.3/../../../../arm-none-eabi/lib/cortex-m7/fpu/fpv5-sp-d16/libnosys.a(kill.o)
                0x0000000008004920                _kill
 .text._exit    0x0000000008004930        0x4 /usr/local/Cellar/gcc-arm-none-eabi-49/20150609/bin/../lib/gcc/arm-none-eabi/4.9.3/../../../../arm-none-eabi/lib/cortex-m7/fpu/fpv5-sp-d16/libnosys.a(_exit.o)
                0x0000000008004930                _exit
 *(.glue_7)
 .glue_7        0x0000000000000000        0x0 linker stubs
 *(.glue_7t)
 .glue_7t       0x0000000000000000        0x0 linker stubs
 *(.eh_frame)
 .eh_frame      0x0000000008004934        0x0 /usr/local/Cellar/gcc-arm-none-eabi-49/20150609/bin/../lib/gcc/arm-none-eabi/4.9.3/cortex-m7/fpu/fpv5-sp-d16/crtbegin.o
 *(.init)
 .init          0x0000000008004934        0x4 /usr/local/Cellar/gcc-arm-none-eabi-49/20150609/bin/../lib/gcc/arm-none-eabi/4.9.3/cortex-m7/fpu/fpv5-sp-d16/crti.o
                0x0000000008004934                _init
 .init          0x0000000008004938        0x8 /usr/local/Cellar/gcc-arm-none-eabi-49/20150609/bin/../lib/gcc/arm-none-eabi/4.9.3/cortex-m7/fpu/fpv5-sp-d16/crtn.o
 *(.fini)
 .fini          0x0000000008004940        0x4 /usr/local/Cellar/gcc-arm-none-eabi-49/20150609/bin/../lib/gcc/arm-none-eabi/4.9.3/cortex-m7/fpu/fpv5-sp-d16/crti.o
                0x0000000008004940                _fini
 .fini          0x0000000008004944        0x8 /usr/local/Cellar/gcc-arm-none-eabi-49/20150609/bin/../lib/gcc/arm-none-eabi/4.9.3/cortex-m7/fpu/fpv5-sp-d16/crtn.o
                0x000000000800494c                . = ALIGN (0x4)
                0x000000000800494c                _etext = .

.vfp11_veneer   0x000000000800494c        0x0
 .vfp11_veneer  0x0000000000000000        0x0 linker stubs

.v4_bx          0x000000000800494c        0x0
 .v4_bx         0x0000000000000000        0x0 linker stubs

.iplt           0x000000000800494c        0x0
 .iplt          0x0000000000000000        0x0 /usr/local/Cellar/gcc-arm-none-eabi-49/20150609/bin/../lib/gcc/arm-none-eabi/4.9.3/cortex-m7/fpu/fpv5-sp-d16/crtbegin.o

.rodata         0x000000000800494c      0x820
                0x000000000800494c                . = ALIGN (0x4)
 *(.rodata)
 .rodata        0x000000000800494c        0x8 CMakeFiles/app.elf.dir/Users/pacifist/Documents/Qt/StreamStack/platforms/Discovery_M7/1.0/STM32Cube_FW_F7_V1.3.0/Drivers/STM32F7xx_HAL_Driver/Src/stm32f7xx_hal_dma.c.o
 .rodata        0x0000000008004954       0x10 CMakeFiles/app.elf.dir/Users/pacifist/Documents/Qt/StreamStack/platforms/Discovery_M7/1.0/STM32Cube_FW_F7_V1.3.0/Drivers/STM32F7xx_HAL_Driver/Src/stm32f7xx_hal_rcc.c.o
                0x0000000008004954                APBAHBPrescTable
 *(.rodata*)
 .rodata.sinTable_f32
                0x0000000008004964      0x804 /Users/pacifist/Documents/Qt/StreamStack/platforms/Discovery_M7/1.0/platformlib/..//STM32Cube_FW_F7_V1.3.0/Drivers/CMSIS/Lib/GCC/libarm_cortexM7lfsp_math.a(arm_common_tables.o)
                0x0000000008004964                sinTable_f32
 .rodata.str1.1
                0x0000000008005168        0x2 /usr/local/Cellar/gcc-arm-none-eabi-49/20150609/bin/../lib/gcc/arm-none-eabi/4.9.3/../../../../arm-none-eabi/lib/cortex-m7/fpu/fpv5-sp-d16/libc_nano.a(lib_a-impure.o)
                0x000000000800516c                . = ALIGN (0x4)
 *fill*         0x000000000800516a        0x2 

.ARM.extab      0x000000000800516c       0x18
 *(.ARM.extab* .gnu.linkonce.armextab.*)
 .ARM.extab.text._ZN10OscillatorC2Ev
                0x000000000800516c        0x0 CMakeFiles/app.elf.dir/Src/main.cpp.o
 .ARM.extab.text._ZN10Oscillator7processERf
                0x000000000800516c        0x0 CMakeFiles/app.elf.dir/Src/main.cpp.o
 .ARM.extab     0x000000000800516c       0x18 /usr/local/Cellar/gcc-arm-none-eabi-49/20150609/bin/../lib/gcc/arm-none-eabi/4.9.3/cortex-m7/fpu/fpv5-sp-d16/libgcc.a(pr-support.o)

.ARM            0x0000000008005184       0xe0
                0x0000000008005184                __exidx_start = .
 *(.ARM.exidx*)
 .ARM.exidx.text._ZN10OscillatorC2Ev
                0x000000000800523c        0x0 CMakeFiles/app.elf.dir/Src/main.cpp.o
                                          0x8 (size before relaxing)
 .ARM.exidx.text._ZN10Oscillator7processERf
                0x000000000800523c        0x8 CMakeFiles/app.elf.dir/Src/main.cpp.o
 .ARM.exidx.text._Z18SystemClock_Configv
                0x0000000008005244        0x8 CMakeFiles/app.elf.dir/Src/main.cpp.o
 .ARM.exidx.text.startup.main
                0x000000000800524c        0x8 CMakeFiles/app.elf.dir/Src/main.cpp.o
 .ARM.exidx.text.HAL_SAI_TxCpltCallback
                0x0000000008005254        0x8 CMakeFiles/app.elf.dir/Src/main.cpp.o
 .ARM.exidx.text.HAL_GPIO_EXTI_Callback
                0x000000000800525c        0x8 CMakeFiles/app.elf.dir/Src/main.cpp.o
 .ARM.exidx.text.startup._GLOBAL__sub_I_Oscillators
                0x0000000008005264        0x0 CMakeFiles/app.elf.dir/Src/main.cpp.o
                                          0x8 (size before relaxing)
 .ARM.exidx     0x0000000008005184       0x80 /usr/local/Cellar/gcc-arm-none-eabi-49/20150609/bin/../lib/gcc/arm-none-eabi/4.9.3/cortex-m7/fpu/fpv5-sp-d16/libgcc.a(unwind-arm.o)
                                         0xd8 (size before relaxing)
 .ARM.exidx     0x0000000008005204       0x38 /usr/local/Cellar/gcc-arm-none-eabi-49/20150609/bin/../lib/gcc/arm-none-eabi/4.9.3/cortex-m7/fpu/fpv5-sp-d16/libgcc.a(pr-support.o)
                                         0x48 (size before relaxing)
                0x0000000008005264                __exidx_end = .

.rel.dyn        0x0000000008005264        0x0
 .rel.iplt      0x0000000000000000        0x0 /usr/local/Cellar/gcc-arm-none-eabi-49/20150609/bin/../lib/gcc/arm-none-eabi/4.9.3/cortex-m7/fpu/fpv5-sp-d16/crtbegin.o

.preinit_array  0x0000000008005264        0x0
                0x0000000008005264                PROVIDE (__preinit_array_start, .)
 *(.preinit_array*)
                0x0000000008005264                PROVIDE (__preinit_array_end, .)

.init_array     0x0000000008005264        0x8
                0x0000000008005264                PROVIDE (__init_array_start, .)
 *(SORT(.init_array.*))
 *(.init_array*)
 .init_array    0x0000000008005264        0x4 /usr/local/Cellar/gcc-arm-none-eabi-49/20150609/bin/../lib/gcc/arm-none-eabi/4.9.3/cortex-m7/fpu/fpv5-sp-d16/crtbegin.o
 .init_array    0x0000000008005268        0x4 CMakeFiles/app.elf.dir/Src/main.cpp.o
                0x000000000800526c                PROVIDE (__init_array_end, .)

.fini_array     0x000000000800526c        0x4
                0x000000000800526c                PROVIDE (__fini_array_start, .)
 *(SORT(.fini_array.*))
 *(.fini_array*)
 .fini_array    0x000000000800526c        0x4 /usr/local/Cellar/gcc-arm-none-eabi-49/20150609/bin/../lib/gcc/arm-none-eabi/4.9.3/cortex-m7/fpu/fpv5-sp-d16/crtbegin.o
                0x0000000008005270                PROVIDE (__fini_array_end, .)
                0x0000000008005270                _sidata = LOADADDR (.data)

.data           0x0000000020000000       0x9c load address 0x0000000008005270
                0x0000000020000000                . = ALIGN (0x4)
                0x0000000020000000                _sdata = .
 *(.data)
 .data          0x0000000020000000       0x34 CMakeFiles/app.elf.dir/Src/codec.c.o
                0x0000000020000000                wm8994_drv
 .data          0x0000000020000034        0x4 CMakeFiles/app.elf.dir/Users/pacifist/Documents/Qt/StreamStack/platforms/Discovery_M7/1.0/STM32Cube_FW_F7_V1.3.0/Drivers/CMSIS/Device/ST/STM32F7xx/Source/Templates/system_stm32f7xx.c.o
                0x0000000020000034                SystemCoreClock
 *(.data*)
 .data.impure_data
                0x0000000020000038       0x60 /usr/local/Cellar/gcc-arm-none-eabi-49/20150609/bin/../lib/gcc/arm-none-eabi/4.9.3/../../../../arm-none-eabi/lib/cortex-m7/fpu/fpv5-sp-d16/libc_nano.a(lib_a-impure.o)
 .data._impure_ptr
                0x0000000020000098        0x4 /usr/local/Cellar/gcc-arm-none-eabi-49/20150609/bin/../lib/gcc/arm-none-eabi/4.9.3/../../../../arm-none-eabi/lib/cortex-m7/fpu/fpv5-sp-d16/libc_nano.a(lib_a-impure.o)
                0x0000000020000098                _impure_ptr
                0x000000002000009c                . = ALIGN (0x4)
                0x000000002000009c                _edata = .

.jcr            0x000000002000009c        0x0 load address 0x000000000800530c
 .jcr           0x000000002000009c        0x0 /usr/local/Cellar/gcc-arm-none-eabi-49/20150609/bin/../lib/gcc/arm-none-eabi/4.9.3/cortex-m7/fpu/fpv5-sp-d16/crtbegin.o

.igot.plt       0x000000002000009c        0x0 load address 0x000000000800530c
 .igot.plt      0x0000000000000000        0x0 /usr/local/Cellar/gcc-arm-none-eabi-49/20150609/bin/../lib/gcc/arm-none-eabi/4.9.3/cortex-m7/fpu/fpv5-sp-d16/crtbegin.o
                0x000000002000009c                . = ALIGN (0x4)

.bss            0x000000002000009c      0x444 load address 0x000000000800530c
                0x000000002000009c                _sbss = .
                0x000000002000009c                __bss_start__ = _sbss
 *(.bss)
 .bss           0x000000002000009c       0x1c /usr/local/Cellar/gcc-arm-none-eabi-49/20150609/bin/../lib/gcc/arm-none-eabi/4.9.3/cortex-m7/fpu/fpv5-sp-d16/crtbegin.o
 .bss           0x00000000200000b8      0x2fc CMakeFiles/app.elf.dir/Src/main.cpp.o
                0x00000000200000b8                Oscillators
                0x00000000200000d0                AudioOut
                0x00000000200000dc                Oscillator_000
                0x000000002000014c                Oscillator_034
                0x00000000200001bc                Oscillator_068
                0x000000002000022c                Oscillator_102
                0x000000002000029c                Oscillator_136
                0x000000002000030c                Oscillator_170
                0x000000002000037c                _Oscillator_000_out
                0x0000000020000380                _Oscillator_034_out
                0x0000000020000384                _Oscillator_068_out
                0x0000000020000388                _Oscillator_102_out
                0x000000002000038c                _Oscillator_136_out
                0x0000000020000390                _Oscillator_170_out
                0x0000000020000394                Level_212
                0x00000000200003ac                _Level_212_out
 .bss           0x00000000200003b4        0x8 CMakeFiles/app.elf.dir/Src/codec.c.o
 .bss           0x00000000200003bc        0x4 CMakeFiles/app.elf.dir/Src/sai.c.o
                0x00000000200003bc                SAI2_client
 .bss           0x00000000200003c0        0x4 CMakeFiles/app.elf.dir/Users/pacifist/Documents/Qt/StreamStack/platforms/Discovery_M7/1.0/STM32Cube_FW_F7_V1.3.0/Drivers/STM32F7xx_HAL_Driver/Src/stm32f7xx_hal.c.o
 *(.bss*)
 *(COMMON)
 COMMON         0x00000000200003c4       0x3c CMakeFiles/app.elf.dir/Src/i2c.c.o
                0x00000000200003c4                hi2c3
 COMMON         0x0000000020000400       0xdc CMakeFiles/app.elf.dir/Src/sai.c.o
                0x0000000020000400                hsai_BlockA2
                0x0000000020000484                hdma_sai2_a
 COMMON         0x00000000200004dc        0x4 /usr/local/Cellar/gcc-arm-none-eabi-49/20150609/bin/../lib/gcc/arm-none-eabi/4.9.3/../../../../arm-none-eabi/lib/cortex-m7/fpu/fpv5-sp-d16/libc_nano.a(lib_a-reent.o)
                0x00000000200004dc                errno
                0x00000000200004e0                . = ALIGN (0x4)
                0x00000000200004e0                _ebss = .
                0x00000000200004e0                __bss_end__ = _ebss

._user_heap_stack
                0x00000000200004e0      0x600 load address 0x000000000800530c
                0x00000000200004e0                . = ALIGN (0x8)
                0x00000000200004e0                PROVIDE (end, .)
                0x00000000200004e0                PROVIDE (_end, .)
                0x00000000200006e0                . = (. + _Min_Heap_Size)
 *fill*         0x00000000200004e0      0x200 
                0x0000000020000ae0                . = (. + _Min_Stack_Size)
 *fill*         0x00000000200006e0      0x400 
                0x0000000020000ae0                . = ALIGN (0x8)

/DISCARD/
 libc.a(*)
 libm.a(*)
 libgcc.a(*)

.ARM.attributes
                0x0000000000000000       0x35
 *(.ARM.attributes)
 .ARM.attributes
                0x0000000000000000       0x27 /usr/local/Cellar/gcc-arm-none-eabi-49/20150609/bin/../lib/gcc/arm-none-eabi/4.9.3/cortex-m7/fpu/fpv5-sp-d16/crti.o
 .ARM.attributes
                0x0000000000000027       0x39 /usr/local/Cellar/gcc-arm-none-eabi-49/20150609/bin/../lib/gcc/arm-none-eabi/4.9.3/cortex-m7/fpu/fpv5-sp-d16/crtbegin.o
 .ARM.attributes
                0x0000000000000060       0x39 CMakeFiles/app.elf.dir/Src/main.cpp.o
 .ARM.attributes
                0x0000000000000099       0x39 CMakeFiles/app.elf.dir/Src/codec.c.o
 .ARM.attributes
                0x00000000000000d2       0x39 CMakeFiles/app.elf.dir/Src/dma.c.o
 .ARM.attributes
                0x000000000000010b       0x39 CMakeFiles/app.elf.dir/Src/gpio.c.o
 .ARM.attributes
                0x0000000000000144       0x39 CMakeFiles/app.elf.dir/Src/i2c.c.o
 .ARM.attributes
                0x000000000000017d       0x39 CMakeFiles/app.elf.dir/Src/sai.c.o
 .ARM.attributes
                0x00000000000001b6       0x39 CMakeFiles/app.elf.dir/Src/stm32f7xx_hal_msp.c.o
 .ARM.attributes
                0x00000000000001ef       0x39 CMakeFiles/app.elf.dir/Src/stm32f7xx_it.c.o
 .ARM.attributes
                0x0000000000000228       0x39 CMakeFiles/app.elf.dir/Users/pacifist/Documents/Qt/StreamStack/platforms/Discovery_M7/1.0/STM32Cube_FW_F7_V1.3.0/Drivers/STM32F7xx_HAL_Driver/Src/stm32f7xx_hal.c.o
 .ARM.attributes
                0x0000000000000261       0x39 CMakeFiles/app.elf.dir/Users/pacifist/Documents/Qt/StreamStack/platforms/Discovery_M7/1.0/STM32Cube_FW_F7_V1.3.0/Drivers/STM32F7xx_HAL_Driver/Src/stm32f7xx_hal_cortex.c.o
 .ARM.attributes
                0x000000000000029a       0x39 CMakeFiles/app.elf.dir/Users/pacifist/Documents/Qt/StreamStack/platforms/Discovery_M7/1.0/STM32Cube_FW_F7_V1.3.0/Drivers/STM32F7xx_HAL_Driver/Src/stm32f7xx_hal_dma.c.o
 .ARM.attributes
                0x00000000000002d3       0x39 CMakeFiles/app.elf.dir/Users/pacifist/Documents/Qt/StreamStack/platforms/Discovery_M7/1.0/STM32Cube_FW_F7_V1.3.0/Drivers/STM32F7xx_HAL_Driver/Src/stm32f7xx_hal_gpio.c.o
 .ARM.attributes
                0x000000000000030c       0x39 CMakeFiles/app.elf.dir/Users/pacifist/Documents/Qt/StreamStack/platforms/Discovery_M7/1.0/STM32Cube_FW_F7_V1.3.0/Drivers/STM32F7xx_HAL_Driver/Src/stm32f7xx_hal_pwr_ex.c.o
 .ARM.attributes
                0x0000000000000345       0x39 CMakeFiles/app.elf.dir/Users/pacifist/Documents/Qt/StreamStack/platforms/Discovery_M7/1.0/STM32Cube_FW_F7_V1.3.0/Drivers/STM32F7xx_HAL_Driver/Src/stm32f7xx_hal_rcc.c.o
 .ARM.attributes
                0x000000000000037e       0x39 CMakeFiles/app.elf.dir/Users/pacifist/Documents/Qt/StreamStack/platforms/Discovery_M7/1.0/STM32Cube_FW_F7_V1.3.0/Drivers/STM32F7xx_HAL_Driver/Src/stm32f7xx_hal_rcc_ex.c.o
 .ARM.attributes
                0x00000000000003b7       0x39 CMakeFiles/app.elf.dir/Users/pacifist/Documents/Qt/StreamStack/platforms/Discovery_M7/1.0/STM32Cube_FW_F7_V1.3.0/Drivers/STM32F7xx_HAL_Driver/Src/stm32f7xx_hal_sai.c.o
 .ARM.attributes
                0x00000000000003f0       0x39 CMakeFiles/app.elf.dir/Users/pacifist/Documents/Qt/StreamStack/platforms/Discovery_M7/1.0/STM32Cube_FW_F7_V1.3.0/Drivers/STM32F7xx_HAL_Driver/Src/stm32f7xx_hal_sai_ex.c.o
 .ARM.attributes
                0x0000000000000429       0x39 CMakeFiles/app.elf.dir/Users/pacifist/Documents/Qt/StreamStack/platforms/Discovery_M7/1.0/STM32Cube_FW_F7_V1.3.0/Drivers/STM32F7xx_HAL_Driver/Src/stm32f7xx_hal_i2c.c.o
 .ARM.attributes
                0x0000000000000462       0x39 CMakeFiles/app.elf.dir/Users/pacifist/Documents/Qt/StreamStack/platforms/Discovery_M7/1.0/STM32Cube_FW_F7_V1.3.0/Drivers/STM32F7xx_HAL_Driver/Src/stm32f7xx_hal_i2c_ex.c.o
 .ARM.attributes
                0x000000000000049b       0x39 CMakeFiles/app.elf.dir/Users/pacifist/Documents/Qt/StreamStack/platforms/Discovery_M7/1.0/STM32Cube_FW_F7_V1.3.0/Drivers/CMSIS/Device/ST/STM32F7xx/Source/Templates/system_stm32f7xx.c.o
 .ARM.attributes
                0x00000000000004d4       0x21 CMakeFiles/app.elf.dir/Users/pacifist/Documents/Qt/StreamStack/platforms/Discovery_M7/1.0/STM32Cube_FW_F7_V1.3.0/Drivers/CMSIS/Device/ST/STM32F7xx/Source/Templates/gcc/startup_stm32f746xx.s.o
 .ARM.attributes
                0x00000000000004f5       0x39 /Users/pacifist/Documents/Qt/StreamStack/platforms/Discovery_M7/1.0/platformlib/..//STM32Cube_FW_F7_V1.3.0/Drivers/CMSIS/Lib/GCC/libarm_cortexM7lfsp_math.a(arm_float_to_q15.o)
 .ARM.attributes
                0x000000000000052e       0x39 /Users/pacifist/Documents/Qt/StreamStack/platforms/Discovery_M7/1.0/platformlib/..//STM32Cube_FW_F7_V1.3.0/Drivers/CMSIS/Lib/GCC/libarm_cortexM7lfsp_math.a(arm_sin_f32.o)
 .ARM.attributes
                0x0000000000000567       0x39 /Users/pacifist/Documents/Qt/StreamStack/platforms/Discovery_M7/1.0/platformlib/..//STM32Cube_FW_F7_V1.3.0/Drivers/CMSIS/Lib/GCC/libarm_cortexM7lfsp_math.a(arm_common_tables.o)
 .ARM.attributes
                0x00000000000005a0       0x39 /usr/local/Cellar/gcc-arm-none-eabi-49/20150609/bin/../lib/gcc/arm-none-eabi/4.9.3/cortex-m7/fpu/fpv5-sp-d16/libgcc.a(unwind-arm.o)
 .ARM.attributes
                0x00000000000005d9       0x27 /usr/local/Cellar/gcc-arm-none-eabi-49/20150609/bin/../lib/gcc/arm-none-eabi/4.9.3/cortex-m7/fpu/fpv5-sp-d16/libgcc.a(libunwind.o)
 .ARM.attributes
                0x0000000000000600       0x39 /usr/local/Cellar/gcc-arm-none-eabi-49/20150609/bin/../lib/gcc/arm-none-eabi/4.9.3/cortex-m7/fpu/fpv5-sp-d16/libgcc.a(pr-support.o)
 .ARM.attributes
                0x0000000000000639       0x39 /usr/local/Cellar/gcc-arm-none-eabi-49/20150609/bin/../lib/gcc/arm-none-eabi/4.9.3/../../../../arm-none-eabi/lib/cortex-m7/fpu/fpv5-sp-d16/libc_nano.a(lib_a-abort.o)
 .ARM.attributes
                0x0000000000000672       0x39 /usr/local/Cellar/gcc-arm-none-eabi-49/20150609/bin/../lib/gcc/arm-none-eabi/4.9.3/../../../../arm-none-eabi/lib/cortex-m7/fpu/fpv5-sp-d16/libc_nano.a(lib_a-impure.o)
 .ARM.attributes
                0x00000000000006ab       0x39 /usr/local/Cellar/gcc-arm-none-eabi-49/20150609/bin/../lib/gcc/arm-none-eabi/4.9.3/../../../../arm-none-eabi/lib/cortex-m7/fpu/fpv5-sp-d16/libc_nano.a(lib_a-init.o)
 .ARM.attributes
                0x00000000000006e4       0x39 /usr/local/Cellar/gcc-arm-none-eabi-49/20150609/bin/../lib/gcc/arm-none-eabi/4.9.3/../../../../arm-none-eabi/lib/cortex-m7/fpu/fpv5-sp-d16/libc_nano.a(lib_a-memcpy.o)
 .ARM.attributes
                0x000000000000071d       0x39 /usr/local/Cellar/gcc-arm-none-eabi-49/20150609/bin/../lib/gcc/arm-none-eabi/4.9.3/../../../../arm-none-eabi/lib/cortex-m7/fpu/fpv5-sp-d16/libc_nano.a(lib_a-signal.o)
 .ARM.attributes
                0x0000000000000756       0x39 /usr/local/Cellar/gcc-arm-none-eabi-49/20150609/bin/../lib/gcc/arm-none-eabi/4.9.3/../../../../arm-none-eabi/lib/cortex-m7/fpu/fpv5-sp-d16/libc_nano.a(lib_a-signalr.o)
 .ARM.attributes
                0x000000000000078f       0x39 /usr/local/Cellar/gcc-arm-none-eabi-49/20150609/bin/../lib/gcc/arm-none-eabi/4.9.3/../../../../arm-none-eabi/lib/cortex-m7/fpu/fpv5-sp-d16/libc_nano.a(lib_a-reent.o)
 .ARM.attributes
                0x00000000000007c8       0x39 /usr/local/Cellar/gcc-arm-none-eabi-49/20150609/bin/../lib/gcc/arm-none-eabi/4.9.3/../../../../arm-none-eabi/lib/cortex-m7/fpu/fpv5-sp-d16/libnosys.a(getpid.o)
 .ARM.attributes
                0x0000000000000801       0x39 /usr/local/Cellar/gcc-arm-none-eabi-49/20150609/bin/../lib/gcc/arm-none-eabi/4.9.3/../../../../arm-none-eabi/lib/cortex-m7/fpu/fpv5-sp-d16/libnosys.a(kill.o)
 .ARM.attributes
                0x000000000000083a       0x39 /usr/local/Cellar/gcc-arm-none-eabi-49/20150609/bin/../lib/gcc/arm-none-eabi/4.9.3/../../../../arm-none-eabi/lib/cortex-m7/fpu/fpv5-sp-d16/libnosys.a(_exit.o)
 .ARM.attributes
                0x0000000000000873       0x27 /usr/local/Cellar/gcc-arm-none-eabi-49/20150609/bin/../lib/gcc/arm-none-eabi/4.9.3/cortex-m7/fpu/fpv5-sp-d16/crtn.o
OUTPUT(app.elf elf32-littlearm)

.debug_info     0x0000000000000000    0x1237f
 .debug_info    0x0000000000000000     0x25c3 CMakeFiles/app.elf.dir/Src/main.cpp.o
 .debug_info    0x00000000000025c3     0x19ae CMakeFiles/app.elf.dir/Src/codec.c.o
 .debug_info    0x0000000000003f71      0x5c3 CMakeFiles/app.elf.dir/Src/dma.c.o
 .debug_info    0x0000000000004534      0x7ca CMakeFiles/app.elf.dir/Src/gpio.c.o
 .debug_info    0x0000000000004cfe      0xd07 CMakeFiles/app.elf.dir/Src/i2c.c.o
 .debug_info    0x0000000000005a05      0xdf5 CMakeFiles/app.elf.dir/Src/sai.c.o
 .debug_info    0x00000000000067fa      0x44b CMakeFiles/app.elf.dir/Src/stm32f7xx_hal_msp.c.o
 .debug_info    0x0000000000006c45      0xa21 CMakeFiles/app.elf.dir/Src/stm32f7xx_it.c.o
 .debug_info    0x0000000000007666      0x9ce CMakeFiles/app.elf.dir/Users/pacifist/Documents/Qt/StreamStack/platforms/Discovery_M7/1.0/STM32Cube_FW_F7_V1.3.0/Drivers/STM32F7xx_HAL_Driver/Src/stm32f7xx_hal.c.o
 .debug_info    0x0000000000008034     0x10c8 CMakeFiles/app.elf.dir/Users/pacifist/Documents/Qt/StreamStack/platforms/Discovery_M7/1.0/STM32Cube_FW_F7_V1.3.0/Drivers/STM32F7xx_HAL_Driver/Src/stm32f7xx_hal_cortex.c.o
 .debug_info    0x00000000000090fc      0x7ed CMakeFiles/app.elf.dir/Users/pacifist/Documents/Qt/StreamStack/platforms/Discovery_M7/1.0/STM32Cube_FW_F7_V1.3.0/Drivers/STM32F7xx_HAL_Driver/Src/stm32f7xx_hal_dma.c.o
 .debug_info    0x00000000000098e9      0x744 CMakeFiles/app.elf.dir/Users/pacifist/Documents/Qt/StreamStack/platforms/Discovery_M7/1.0/STM32Cube_FW_F7_V1.3.0/Drivers/STM32F7xx_HAL_Driver/Src/stm32f7xx_hal_gpio.c.o
 .debug_info    0x000000000000a02d      0x9b0 CMakeFiles/app.elf.dir/Users/pacifist/Documents/Qt/StreamStack/platforms/Discovery_M7/1.0/STM32Cube_FW_F7_V1.3.0/Drivers/STM32F7xx_HAL_Driver/Src/stm32f7xx_hal_pwr_ex.c.o
 .debug_info    0x000000000000a9dd      0xd60 CMakeFiles/app.elf.dir/Users/pacifist/Documents/Qt/StreamStack/platforms/Discovery_M7/1.0/STM32Cube_FW_F7_V1.3.0/Drivers/STM32F7xx_HAL_Driver/Src/stm32f7xx_hal_rcc.c.o
 .debug_info    0x000000000000b73d     0x1020 CMakeFiles/app.elf.dir/Users/pacifist/Documents/Qt/StreamStack/platforms/Discovery_M7/1.0/STM32Cube_FW_F7_V1.3.0/Drivers/STM32F7xx_HAL_Driver/Src/stm32f7xx_hal_rcc_ex.c.o
 .debug_info    0x000000000000c75d     0x15e6 CMakeFiles/app.elf.dir/Users/pacifist/Documents/Qt/StreamStack/platforms/Discovery_M7/1.0/STM32Cube_FW_F7_V1.3.0/Drivers/STM32F7xx_HAL_Driver/Src/stm32f7xx_hal_sai.c.o
 .debug_info    0x000000000000dd43      0x6f7 CMakeFiles/app.elf.dir/Users/pacifist/Documents/Qt/StreamStack/platforms/Discovery_M7/1.0/STM32Cube_FW_F7_V1.3.0/Drivers/STM32F7xx_HAL_Driver/Src/stm32f7xx_hal_sai_ex.c.o
 .debug_info    0x000000000000e43a     0x2408 CMakeFiles/app.elf.dir/Users/pacifist/Documents/Qt/StreamStack/platforms/Discovery_M7/1.0/STM32Cube_FW_F7_V1.3.0/Drivers/STM32F7xx_HAL_Driver/Src/stm32f7xx_hal_i2c.c.o
 .debug_info    0x0000000000010842      0x601 CMakeFiles/app.elf.dir/Users/pacifist/Documents/Qt/StreamStack/platforms/Discovery_M7/1.0/STM32Cube_FW_F7_V1.3.0/Drivers/STM32F7xx_HAL_Driver/Src/stm32f7xx_hal_i2c_ex.c.o
 .debug_info    0x0000000000010e43      0x6a2 CMakeFiles/app.elf.dir/Users/pacifist/Documents/Qt/StreamStack/platforms/Discovery_M7/1.0/STM32Cube_FW_F7_V1.3.0/Drivers/CMSIS/Device/ST/STM32F7xx/Source/Templates/system_stm32f7xx.c.o
 .debug_info    0x00000000000114e5      0x132 CMakeFiles/app.elf.dir/Users/pacifist/Documents/Qt/StreamStack/platforms/Discovery_M7/1.0/STM32Cube_FW_F7_V1.3.0/Drivers/CMSIS/Device/ST/STM32F7xx/Source/Templates/gcc/startup_stm32f746xx.s.o
 .debug_info    0x0000000000011617      0x24d /Users/pacifist/Documents/Qt/StreamStack/platforms/Discovery_M7/1.0/platformlib/..//STM32Cube_FW_F7_V1.3.0/Drivers/CMSIS/Lib/GCC/libarm_cortexM7lfsp_math.a(arm_float_to_q15.o)
 .debug_info    0x0000000000011864      0x17e /Users/pacifist/Documents/Qt/StreamStack/platforms/Discovery_M7/1.0/platformlib/..//STM32Cube_FW_F7_V1.3.0/Drivers/CMSIS/Lib/GCC/libarm_cortexM7lfsp_math.a(arm_sin_f32.o)
 .debug_info    0x00000000000119e2      0x99d /Users/pacifist/Documents/Qt/StreamStack/platforms/Discovery_M7/1.0/platformlib/..//STM32Cube_FW_F7_V1.3.0/Drivers/CMSIS/Lib/GCC/libarm_cortexM7lfsp_math.a(arm_common_tables.o)

.debug_abbrev   0x0000000000000000     0x2d43
 .debug_abbrev  0x0000000000000000      0x4c8 CMakeFiles/app.elf.dir/Src/main.cpp.o
 .debug_abbrev  0x00000000000004c8      0x311 CMakeFiles/app.elf.dir/Src/codec.c.o
 .debug_abbrev  0x00000000000007d9      0x133 CMakeFiles/app.elf.dir/Src/dma.c.o
 .debug_abbrev  0x000000000000090c      0x185 CMakeFiles/app.elf.dir/Src/gpio.c.o
 .debug_abbrev  0x0000000000000a91      0x1f1 CMakeFiles/app.elf.dir/Src/i2c.c.o
 .debug_abbrev  0x0000000000000c82      0x1fe CMakeFiles/app.elf.dir/Src/sai.c.o
 .debug_abbrev  0x0000000000000e80       0xd4 CMakeFiles/app.elf.dir/Src/stm32f7xx_hal_msp.c.o
 .debug_abbrev  0x0000000000000f54      0x19d CMakeFiles/app.elf.dir/Src/stm32f7xx_it.c.o
 .debug_abbrev  0x00000000000010f1      0x1f9 CMakeFiles/app.elf.dir/Users/pacifist/Documents/Qt/StreamStack/platforms/Discovery_M7/1.0/STM32Cube_FW_F7_V1.3.0/Drivers/STM32F7xx_HAL_Driver/Src/stm32f7xx_hal.c.o
 .debug_abbrev  0x00000000000012ea      0x2f2 CMakeFiles/app.elf.dir/Users/pacifist/Documents/Qt/StreamStack/platforms/Discovery_M7/1.0/STM32Cube_FW_F7_V1.3.0/Drivers/STM32F7xx_HAL_Driver/Src/stm32f7xx_hal_cortex.c.o
 .debug_abbrev  0x00000000000015dc      0x273 CMakeFiles/app.elf.dir/Users/pacifist/Documents/Qt/StreamStack/platforms/Discovery_M7/1.0/STM32Cube_FW_F7_V1.3.0/Drivers/STM32F7xx_HAL_Driver/Src/stm32f7xx_hal_dma.c.o
 .debug_abbrev  0x000000000000184f      0x1c9 CMakeFiles/app.elf.dir/Users/pacifist/Documents/Qt/StreamStack/platforms/Discovery_M7/1.0/STM32Cube_FW_F7_V1.3.0/Drivers/STM32F7xx_HAL_Driver/Src/stm32f7xx_hal_gpio.c.o
 .debug_abbrev  0x0000000000001a18      0x1d4 CMakeFiles/app.elf.dir/Users/pacifist/Documents/Qt/StreamStack/platforms/Discovery_M7/1.0/STM32Cube_FW_F7_V1.3.0/Drivers/STM32F7xx_HAL_Driver/Src/stm32f7xx_hal_pwr_ex.c.o
 .debug_abbrev  0x0000000000001bec      0x339 CMakeFiles/app.elf.dir/Users/pacifist/Documents/Qt/StreamStack/platforms/Discovery_M7/1.0/STM32Cube_FW_F7_V1.3.0/Drivers/STM32F7xx_HAL_Driver/Src/stm32f7xx_hal_rcc.c.o
 .debug_abbrev  0x0000000000001f25      0x24e CMakeFiles/app.elf.dir/Users/pacifist/Documents/Qt/StreamStack/platforms/Discovery_M7/1.0/STM32Cube_FW_F7_V1.3.0/Drivers/STM32F7xx_HAL_Driver/Src/stm32f7xx_hal_rcc_ex.c.o
 .debug_abbrev  0x0000000000002173      0x345 CMakeFiles/app.elf.dir/Users/pacifist/Documents/Qt/StreamStack/platforms/Discovery_M7/1.0/STM32Cube_FW_F7_V1.3.0/Drivers/STM32F7xx_HAL_Driver/Src/stm32f7xx_hal_sai.c.o
 .debug_abbrev  0x00000000000024b8      0x185 CMakeFiles/app.elf.dir/Users/pacifist/Documents/Qt/StreamStack/platforms/Discovery_M7/1.0/STM32Cube_FW_F7_V1.3.0/Drivers/STM32F7xx_HAL_Driver/Src/stm32f7xx_hal_sai_ex.c.o
 .debug_abbrev  0x000000000000263d      0x2b0 CMakeFiles/app.elf.dir/Users/pacifist/Documents/Qt/StreamStack/platforms/Discovery_M7/1.0/STM32Cube_FW_F7_V1.3.0/Drivers/STM32F7xx_HAL_Driver/Src/stm32f7xx_hal_i2c.c.o
 .debug_abbrev  0x00000000000028ed      0x125 CMakeFiles/app.elf.dir/Users/pacifist/Documents/Qt/StreamStack/platforms/Discovery_M7/1.0/STM32Cube_FW_F7_V1.3.0/Drivers/STM32F7xx_HAL_Driver/Src/stm32f7xx_hal_i2c_ex.c.o
 .debug_abbrev  0x0000000000002a12      0x120 CMakeFiles/app.elf.dir/Users/pacifist/Documents/Qt/StreamStack/platforms/Discovery_M7/1.0/STM32Cube_FW_F7_V1.3.0/Drivers/CMSIS/Device/ST/STM32F7xx/Source/Templates/system_stm32f7xx.c.o
 .debug_abbrev  0x0000000000002b32       0x12 CMakeFiles/app.elf.dir/Users/pacifist/Documents/Qt/StreamStack/platforms/Discovery_M7/1.0/STM32Cube_FW_F7_V1.3.0/Drivers/CMSIS/Device/ST/STM32F7xx/Source/Templates/gcc/startup_stm32f746xx.s.o
 .debug_abbrev  0x0000000000002b44       0xa8 /Users/pacifist/Documents/Qt/StreamStack/platforms/Discovery_M7/1.0/platformlib/..//STM32Cube_FW_F7_V1.3.0/Drivers/CMSIS/Lib/GCC/libarm_cortexM7lfsp_math.a(arm_float_to_q15.o)
 .debug_abbrev  0x0000000000002bec       0xd3 /Users/pacifist/Documents/Qt/StreamStack/platforms/Discovery_M7/1.0/platformlib/..//STM32Cube_FW_F7_V1.3.0/Drivers/CMSIS/Lib/GCC/libarm_cortexM7lfsp_math.a(arm_sin_f32.o)
 .debug_abbrev  0x0000000000002cbf       0x84 /Users/pacifist/Documents/Qt/StreamStack/platforms/Discovery_M7/1.0/platformlib/..//STM32Cube_FW_F7_V1.3.0/Drivers/CMSIS/Lib/GCC/libarm_cortexM7lfsp_math.a(arm_common_tables.o)

.debug_loc      0x0000000000000000     0x6956
 .debug_loc     0x0000000000000000      0x613 CMakeFiles/app.elf.dir/Src/main.cpp.o
 .debug_loc     0x0000000000000613      0xa3c CMakeFiles/app.elf.dir/Src/codec.c.o
 .debug_loc     0x000000000000104f       0x4d CMakeFiles/app.elf.dir/Src/i2c.c.o
 .debug_loc     0x000000000000109c       0x63 CMakeFiles/app.elf.dir/Src/sai.c.o
 .debug_loc     0x00000000000010ff       0x5c CMakeFiles/app.elf.dir/Users/pacifist/Documents/Qt/StreamStack/platforms/Discovery_M7/1.0/STM32Cube_FW_F7_V1.3.0/Drivers/STM32F7xx_HAL_Driver/Src/stm32f7xx_hal.c.o
 .debug_loc     0x000000000000115b      0x3c2 CMakeFiles/app.elf.dir/Users/pacifist/Documents/Qt/StreamStack/platforms/Discovery_M7/1.0/STM32Cube_FW_F7_V1.3.0/Drivers/STM32F7xx_HAL_Driver/Src/stm32f7xx_hal_cortex.c.o
 .debug_loc     0x000000000000151d      0x55a CMakeFiles/app.elf.dir/Users/pacifist/Documents/Qt/StreamStack/platforms/Discovery_M7/1.0/STM32Cube_FW_F7_V1.3.0/Drivers/STM32F7xx_HAL_Driver/Src/stm32f7xx_hal_dma.c.o
 .debug_loc     0x0000000000001a77      0x3c2 CMakeFiles/app.elf.dir/Users/pacifist/Documents/Qt/StreamStack/platforms/Discovery_M7/1.0/STM32Cube_FW_F7_V1.3.0/Drivers/STM32F7xx_HAL_Driver/Src/stm32f7xx_hal_gpio.c.o
 .debug_loc     0x0000000000001e39      0x1b1 CMakeFiles/app.elf.dir/Users/pacifist/Documents/Qt/StreamStack/platforms/Discovery_M7/1.0/STM32Cube_FW_F7_V1.3.0/Drivers/STM32F7xx_HAL_Driver/Src/stm32f7xx_hal_pwr_ex.c.o
 .debug_loc     0x0000000000001fea      0x5d4 CMakeFiles/app.elf.dir/Users/pacifist/Documents/Qt/StreamStack/platforms/Discovery_M7/1.0/STM32Cube_FW_F7_V1.3.0/Drivers/STM32F7xx_HAL_Driver/Src/stm32f7xx_hal_rcc.c.o
 .debug_loc     0x00000000000025be      0xc75 CMakeFiles/app.elf.dir/Users/pacifist/Documents/Qt/StreamStack/platforms/Discovery_M7/1.0/STM32Cube_FW_F7_V1.3.0/Drivers/STM32F7xx_HAL_Driver/Src/stm32f7xx_hal_rcc_ex.c.o
 .debug_loc     0x0000000000003233      0xf79 CMakeFiles/app.elf.dir/Users/pacifist/Documents/Qt/StreamStack/platforms/Discovery_M7/1.0/STM32Cube_FW_F7_V1.3.0/Drivers/STM32F7xx_HAL_Driver/Src/stm32f7xx_hal_sai.c.o
 .debug_loc     0x00000000000041ac       0x59 CMakeFiles/app.elf.dir/Users/pacifist/Documents/Qt/StreamStack/platforms/Discovery_M7/1.0/STM32Cube_FW_F7_V1.3.0/Drivers/STM32F7xx_HAL_Driver/Src/stm32f7xx_hal_sai_ex.c.o
 .debug_loc     0x0000000000004205     0x20d0 CMakeFiles/app.elf.dir/Users/pacifist/Documents/Qt/StreamStack/platforms/Discovery_M7/1.0/STM32Cube_FW_F7_V1.3.0/Drivers/STM32F7xx_HAL_Driver/Src/stm32f7xx_hal_i2c.c.o
 .debug_loc     0x00000000000062d5      0x115 CMakeFiles/app.elf.dir/Users/pacifist/Documents/Qt/StreamStack/platforms/Discovery_M7/1.0/STM32Cube_FW_F7_V1.3.0/Drivers/STM32F7xx_HAL_Driver/Src/stm32f7xx_hal_i2c_ex.c.o
 .debug_loc     0x00000000000063ea       0xf1 CMakeFiles/app.elf.dir/Users/pacifist/Documents/Qt/StreamStack/platforms/Discovery_M7/1.0/STM32Cube_FW_F7_V1.3.0/Drivers/CMSIS/Device/ST/STM32F7xx/Source/Templates/system_stm32f7xx.c.o
 .debug_loc     0x00000000000064db      0x3a3 /Users/pacifist/Documents/Qt/StreamStack/platforms/Discovery_M7/1.0/platformlib/..//STM32Cube_FW_F7_V1.3.0/Drivers/CMSIS/Lib/GCC/libarm_cortexM7lfsp_math.a(arm_float_to_q15.o)
 .debug_loc     0x000000000000687e       0xd8 /Users/pacifist/Documents/Qt/StreamStack/platforms/Discovery_M7/1.0/platformlib/..//STM32Cube_FW_F7_V1.3.0/Drivers/CMSIS/Lib/GCC/libarm_cortexM7lfsp_math.a(arm_sin_f32.o)

.debug_aranges  0x0000000000000000      0x968
 .debug_aranges
                0x0000000000000000       0x50 CMakeFiles/app.elf.dir/Src/main.cpp.o
 .debug_aranges
                0x0000000000000050       0x88 CMakeFiles/app.elf.dir/Src/codec.c.o
 .debug_aranges
                0x00000000000000d8       0x20 CMakeFiles/app.elf.dir/Src/dma.c.o
 .debug_aranges
                0x00000000000000f8       0x20 CMakeFiles/app.elf.dir/Src/gpio.c.o
 .debug_aranges
                0x0000000000000118       0x30 CMakeFiles/app.elf.dir/Src/i2c.c.o
 .debug_aranges
                0x0000000000000148       0x30 CMakeFiles/app.elf.dir/Src/sai.c.o
 .debug_aranges
                0x0000000000000178       0x20 CMakeFiles/app.elf.dir/Src/stm32f7xx_hal_msp.c.o
 .debug_aranges
                0x0000000000000198       0x78 CMakeFiles/app.elf.dir/Src/stm32f7xx_it.c.o
 .debug_aranges
                0x0000000000000210       0xd0 CMakeFiles/app.elf.dir/Users/pacifist/Documents/Qt/StreamStack/platforms/Discovery_M7/1.0/STM32Cube_FW_F7_V1.3.0/Drivers/STM32F7xx_HAL_Driver/Src/stm32f7xx_hal.c.o
 .debug_aranges
                0x00000000000002e0       0x98 CMakeFiles/app.elf.dir/Users/pacifist/Documents/Qt/StreamStack/platforms/Discovery_M7/1.0/STM32Cube_FW_F7_V1.3.0/Drivers/STM32F7xx_HAL_Driver/Src/stm32f7xx_hal_cortex.c.o
 .debug_aranges
                0x0000000000000378       0x68 CMakeFiles/app.elf.dir/Users/pacifist/Documents/Qt/StreamStack/platforms/Discovery_M7/1.0/STM32Cube_FW_F7_V1.3.0/Drivers/STM32F7xx_HAL_Driver/Src/stm32f7xx_hal_dma.c.o
 .debug_aranges
                0x00000000000003e0       0x58 CMakeFiles/app.elf.dir/Users/pacifist/Documents/Qt/StreamStack/platforms/Discovery_M7/1.0/STM32Cube_FW_F7_V1.3.0/Drivers/STM32F7xx_HAL_Driver/Src/stm32f7xx_hal_gpio.c.o
 .debug_aranges
                0x0000000000000438       0x80 CMakeFiles/app.elf.dir/Users/pacifist/Documents/Qt/StreamStack/platforms/Discovery_M7/1.0/STM32Cube_FW_F7_V1.3.0/Drivers/STM32F7xx_HAL_Driver/Src/stm32f7xx_hal_pwr_ex.c.o
 .debug_aranges
                0x00000000000004b8       0x88 CMakeFiles/app.elf.dir/Users/pacifist/Documents/Qt/StreamStack/platforms/Discovery_M7/1.0/STM32Cube_FW_F7_V1.3.0/Drivers/STM32F7xx_HAL_Driver/Src/stm32f7xx_hal_rcc.c.o
 .debug_aranges
                0x0000000000000540       0x30 CMakeFiles/app.elf.dir/Users/pacifist/Documents/Qt/StreamStack/platforms/Discovery_M7/1.0/STM32Cube_FW_F7_V1.3.0/Drivers/STM32F7xx_HAL_Driver/Src/stm32f7xx_hal_rcc_ex.c.o
 .debug_aranges
                0x0000000000000570      0x160 CMakeFiles/app.elf.dir/Users/pacifist/Documents/Qt/StreamStack/platforms/Discovery_M7/1.0/STM32Cube_FW_F7_V1.3.0/Drivers/STM32F7xx_HAL_Driver/Src/stm32f7xx_hal_sai.c.o
 .debug_aranges
                0x00000000000006d0       0x28 CMakeFiles/app.elf.dir/Users/pacifist/Documents/Qt/StreamStack/platforms/Discovery_M7/1.0/STM32Cube_FW_F7_V1.3.0/Drivers/STM32F7xx_HAL_Driver/Src/stm32f7xx_hal_sai_ex.c.o
 .debug_aranges
                0x00000000000006f8      0x1a0 CMakeFiles/app.elf.dir/Users/pacifist/Documents/Qt/StreamStack/platforms/Discovery_M7/1.0/STM32Cube_FW_F7_V1.3.0/Drivers/STM32F7xx_HAL_Driver/Src/stm32f7xx_hal_i2c.c.o
 .debug_aranges
                0x0000000000000898       0x28 CMakeFiles/app.elf.dir/Users/pacifist/Documents/Qt/StreamStack/platforms/Discovery_M7/1.0/STM32Cube_FW_F7_V1.3.0/Drivers/STM32F7xx_HAL_Driver/Src/stm32f7xx_hal_i2c_ex.c.o
 .debug_aranges
                0x00000000000008c0       0x28 CMakeFiles/app.elf.dir/Users/pacifist/Documents/Qt/StreamStack/platforms/Discovery_M7/1.0/STM32Cube_FW_F7_V1.3.0/Drivers/CMSIS/Device/ST/STM32F7xx/Source/Templates/system_stm32f7xx.c.o
 .debug_aranges
                0x00000000000008e8       0x28 CMakeFiles/app.elf.dir/Users/pacifist/Documents/Qt/StreamStack/platforms/Discovery_M7/1.0/STM32Cube_FW_F7_V1.3.0/Drivers/CMSIS/Device/ST/STM32F7xx/Source/Templates/gcc/startup_stm32f746xx.s.o
 .debug_aranges
                0x0000000000000910       0x20 /Users/pacifist/Documents/Qt/StreamStack/platforms/Discovery_M7/1.0/platformlib/..//STM32Cube_FW_F7_V1.3.0/Drivers/CMSIS/Lib/GCC/libarm_cortexM7lfsp_math.a(arm_float_to_q15.o)
 .debug_aranges
                0x0000000000000930       0x20 /Users/pacifist/Documents/Qt/StreamStack/platforms/Discovery_M7/1.0/platformlib/..//STM32Cube_FW_F7_V1.3.0/Drivers/CMSIS/Lib/GCC/libarm_cortexM7lfsp_math.a(arm_sin_f32.o)
 .debug_aranges
                0x0000000000000950       0x18 /Users/pacifist/Documents/Qt/StreamStack/platforms/Discovery_M7/1.0/platformlib/..//STM32Cube_FW_F7_V1.3.0/Drivers/CMSIS/Lib/GCC/libarm_cortexM7lfsp_math.a(arm_common_tables.o)

.debug_ranges   0x0000000000000000     0x1098
 .debug_ranges  0x0000000000000000      0x290 CMakeFiles/app.elf.dir/Src/main.cpp.o
 .debug_ranges  0x0000000000000290       0x90 CMakeFiles/app.elf.dir/Src/codec.c.o
 .debug_ranges  0x0000000000000320       0x30 CMakeFiles/app.elf.dir/Src/dma.c.o
 .debug_ranges  0x0000000000000350       0x60 CMakeFiles/app.elf.dir/Src/gpio.c.o
 .debug_ranges  0x00000000000003b0       0x48 CMakeFiles/app.elf.dir/Src/i2c.c.o
 .debug_ranges  0x00000000000003f8       0x40 CMakeFiles/app.elf.dir/Src/sai.c.o
 .debug_ranges  0x0000000000000438       0x10 CMakeFiles/app.elf.dir/Src/stm32f7xx_hal_msp.c.o
 .debug_ranges  0x0000000000000448       0x68 CMakeFiles/app.elf.dir/Src/stm32f7xx_it.c.o
 .debug_ranges  0x00000000000004b0       0xc0 CMakeFiles/app.elf.dir/Users/pacifist/Documents/Qt/StreamStack/platforms/Discovery_M7/1.0/STM32Cube_FW_F7_V1.3.0/Drivers/STM32F7xx_HAL_Driver/Src/stm32f7xx_hal.c.o
 .debug_ranges  0x0000000000000570      0x108 CMakeFiles/app.elf.dir/Users/pacifist/Documents/Qt/StreamStack/platforms/Discovery_M7/1.0/STM32Cube_FW_F7_V1.3.0/Drivers/STM32F7xx_HAL_Driver/Src/stm32f7xx_hal_cortex.c.o
 .debug_ranges  0x0000000000000678       0x58 CMakeFiles/app.elf.dir/Users/pacifist/Documents/Qt/StreamStack/platforms/Discovery_M7/1.0/STM32Cube_FW_F7_V1.3.0/Drivers/STM32F7xx_HAL_Driver/Src/stm32f7xx_hal_dma.c.o
 .debug_ranges  0x00000000000006d0       0x78 CMakeFiles/app.elf.dir/Users/pacifist/Documents/Qt/StreamStack/platforms/Discovery_M7/1.0/STM32Cube_FW_F7_V1.3.0/Drivers/STM32F7xx_HAL_Driver/Src/stm32f7xx_hal_gpio.c.o
 .debug_ranges  0x0000000000000748       0xf8 CMakeFiles/app.elf.dir/Users/pacifist/Documents/Qt/StreamStack/platforms/Discovery_M7/1.0/STM32Cube_FW_F7_V1.3.0/Drivers/STM32F7xx_HAL_Driver/Src/stm32f7xx_hal_pwr_ex.c.o
 .debug_ranges  0x0000000000000840      0x1a0 CMakeFiles/app.elf.dir/Users/pacifist/Documents/Qt/StreamStack/platforms/Discovery_M7/1.0/STM32Cube_FW_F7_V1.3.0/Drivers/STM32F7xx_HAL_Driver/Src/stm32f7xx_hal_rcc.c.o
 .debug_ranges  0x00000000000009e0      0x320 CMakeFiles/app.elf.dir/Users/pacifist/Documents/Qt/StreamStack/platforms/Discovery_M7/1.0/STM32Cube_FW_F7_V1.3.0/Drivers/STM32F7xx_HAL_Driver/Src/stm32f7xx_hal_rcc_ex.c.o
 .debug_ranges  0x0000000000000d00      0x150 CMakeFiles/app.elf.dir/Users/pacifist/Documents/Qt/StreamStack/platforms/Discovery_M7/1.0/STM32Cube_FW_F7_V1.3.0/Drivers/STM32F7xx_HAL_Driver/Src/stm32f7xx_hal_sai.c.o
 .debug_ranges  0x0000000000000e50       0x18 CMakeFiles/app.elf.dir/Users/pacifist/Documents/Qt/StreamStack/platforms/Discovery_M7/1.0/STM32Cube_FW_F7_V1.3.0/Drivers/STM32F7xx_HAL_Driver/Src/stm32f7xx_hal_sai_ex.c.o
 .debug_ranges  0x0000000000000e68      0x1c0 CMakeFiles/app.elf.dir/Users/pacifist/Documents/Qt/StreamStack/platforms/Discovery_M7/1.0/STM32Cube_FW_F7_V1.3.0/Drivers/STM32F7xx_HAL_Driver/Src/stm32f7xx_hal_i2c.c.o
 .debug_ranges  0x0000000000001028       0x18 CMakeFiles/app.elf.dir/Users/pacifist/Documents/Qt/StreamStack/platforms/Discovery_M7/1.0/STM32Cube_FW_F7_V1.3.0/Drivers/STM32F7xx_HAL_Driver/Src/stm32f7xx_hal_i2c_ex.c.o
 .debug_ranges  0x0000000000001040       0x18 CMakeFiles/app.elf.dir/Users/pacifist/Documents/Qt/StreamStack/platforms/Discovery_M7/1.0/STM32Cube_FW_F7_V1.3.0/Drivers/CMSIS/Device/ST/STM32F7xx/Source/Templates/system_stm32f7xx.c.o
 .debug_ranges  0x0000000000001058       0x20 CMakeFiles/app.elf.dir/Users/pacifist/Documents/Qt/StreamStack/platforms/Discovery_M7/1.0/STM32Cube_FW_F7_V1.3.0/Drivers/CMSIS/Device/ST/STM32F7xx/Source/Templates/gcc/startup_stm32f746xx.s.o
 .debug_ranges  0x0000000000001078       0x10 /Users/pacifist/Documents/Qt/StreamStack/platforms/Discovery_M7/1.0/platformlib/..//STM32Cube_FW_F7_V1.3.0/Drivers/CMSIS/Lib/GCC/libarm_cortexM7lfsp_math.a(arm_float_to_q15.o)
 .debug_ranges  0x0000000000001088       0x10 /Users/pacifist/Documents/Qt/StreamStack/platforms/Discovery_M7/1.0/platformlib/..//STM32Cube_FW_F7_V1.3.0/Drivers/CMSIS/Lib/GCC/libarm_cortexM7lfsp_math.a(arm_sin_f32.o)

.debug_macro    0x0000000000000000    0x193c8
 .debug_macro   0x0000000000000000      0x324 CMakeFiles/app.elf.dir/Src/main.cpp.o
 .debug_macro   0x0000000000000324      0x8bc CMakeFiles/app.elf.dir/Src/main.cpp.o
 .debug_macro   0x0000000000000be0      0x19b CMakeFiles/app.elf.dir/Src/main.cpp.o
 .debug_macro   0x0000000000000d7b       0x2e CMakeFiles/app.elf.dir/Src/main.cpp.o
 .debug_macro   0x0000000000000da9       0x3b CMakeFiles/app.elf.dir/Src/main.cpp.o
 .debug_macro   0x0000000000000de4       0x22 CMakeFiles/app.elf.dir/Src/main.cpp.o
 .debug_macro   0x0000000000000e06       0x44 CMakeFiles/app.elf.dir/Src/main.cpp.o
 .debug_macro   0x0000000000000e4a       0x58 CMakeFiles/app.elf.dir/Src/main.cpp.o
 .debug_macro   0x0000000000000ea2       0x22 CMakeFiles/app.elf.dir/Src/main.cpp.o
 .debug_macro   0x0000000000000ec4      0x1df CMakeFiles/app.elf.dir/Src/main.cpp.o
 .debug_macro   0x00000000000010a3       0x35 CMakeFiles/app.elf.dir/Src/main.cpp.o
 .debug_macro   0x00000000000010d8       0x50 CMakeFiles/app.elf.dir/Src/main.cpp.o
 .debug_macro   0x0000000000001128     0x1114 CMakeFiles/app.elf.dir/Src/main.cpp.o
 .debug_macro   0x000000000000223c     0xa75c CMakeFiles/app.elf.dir/Src/main.cpp.o
 .debug_macro   0x000000000000c998       0x43 CMakeFiles/app.elf.dir/Src/main.cpp.o
 .debug_macro   0x000000000000c9db     0x32ff CMakeFiles/app.elf.dir/Src/main.cpp.o
 .debug_macro   0x000000000000fcda       0x58 CMakeFiles/app.elf.dir/Src/main.cpp.o
 .debug_macro   0x000000000000fd32       0x35 CMakeFiles/app.elf.dir/Src/main.cpp.o
 .debug_macro   0x000000000000fd67       0x9c CMakeFiles/app.elf.dir/Src/main.cpp.o
 .debug_macro   0x000000000000fe03       0x16 CMakeFiles/app.elf.dir/Src/main.cpp.o
 .debug_macro   0x000000000000fe19       0x97 CMakeFiles/app.elf.dir/Src/main.cpp.o
 .debug_macro   0x000000000000feb0      0x2b2 CMakeFiles/app.elf.dir/Src/main.cpp.o
 .debug_macro   0x0000000000010162       0xef CMakeFiles/app.elf.dir/Src/main.cpp.o
 .debug_macro   0x0000000000010251       0x10 CMakeFiles/app.elf.dir/Src/main.cpp.o
 .debug_macro   0x0000000000010261       0x52 CMakeFiles/app.elf.dir/Src/main.cpp.o
 .debug_macro   0x00000000000102b3       0x16 CMakeFiles/app.elf.dir/Src/main.cpp.o
 .debug_macro   0x00000000000102c9       0x43 CMakeFiles/app.elf.dir/Src/main.cpp.o
 .debug_macro   0x000000000001030c      0x180 CMakeFiles/app.elf.dir/Src/main.cpp.o
 .debug_macro   0x000000000001048c       0x10 CMakeFiles/app.elf.dir/Src/main.cpp.o
 .debug_macro   0x000000000001049c       0x22 CMakeFiles/app.elf.dir/Src/main.cpp.o
 .debug_macro   0x00000000000104be       0xbe CMakeFiles/app.elf.dir/Src/main.cpp.o
 .debug_macro   0x000000000001057c       0x16 CMakeFiles/app.elf.dir/Src/main.cpp.o
 .debug_macro   0x0000000000010592      0x197 CMakeFiles/app.elf.dir/Src/main.cpp.o
 .debug_macro   0x0000000000010729       0x50 CMakeFiles/app.elf.dir/Src/main.cpp.o
 .debug_macro   0x0000000000010779      0x5c9 CMakeFiles/app.elf.dir/Src/main.cpp.o
 .debug_macro   0x0000000000010d42     0x18a6 CMakeFiles/app.elf.dir/Src/main.cpp.o
 .debug_macro   0x00000000000125e8       0xdd CMakeFiles/app.elf.dir/Src/main.cpp.o
 .debug_macro   0x00000000000126c5      0x11e CMakeFiles/app.elf.dir/Src/main.cpp.o
 .debug_macro   0x00000000000127e3      0x1f3 CMakeFiles/app.elf.dir/Src/main.cpp.o
 .debug_macro   0x00000000000129d6       0x27 CMakeFiles/app.elf.dir/Src/main.cpp.o
 .debug_macro   0x00000000000129fd      0x272 CMakeFiles/app.elf.dir/Src/main.cpp.o
 .debug_macro   0x0000000000012c6f       0x5f CMakeFiles/app.elf.dir/Src/main.cpp.o
 .debug_macro   0x0000000000012cce      0x23a CMakeFiles/app.elf.dir/Src/main.cpp.o
 .debug_macro   0x0000000000012f08      0x111 CMakeFiles/app.elf.dir/Src/main.cpp.o
 .debug_macro   0x0000000000013019      0x293 CMakeFiles/app.elf.dir/Src/main.cpp.o
 .debug_macro   0x00000000000132ac       0x12 CMakeFiles/app.elf.dir/Src/main.cpp.o
 .debug_macro   0x00000000000132be      0x1d0 CMakeFiles/app.elf.dir/Src/main.cpp.o
 .debug_macro   0x000000000001348e       0x22 CMakeFiles/app.elf.dir/Src/main.cpp.o
 .debug_macro   0x00000000000134b0       0x66 CMakeFiles/app.elf.dir/Src/main.cpp.o
 .debug_macro   0x0000000000013516      0x133 CMakeFiles/app.elf.dir/Src/main.cpp.o
 .debug_macro   0x0000000000013649      0x10c CMakeFiles/app.elf.dir/Src/main.cpp.o
 .debug_macro   0x0000000000013755       0x3c CMakeFiles/app.elf.dir/Src/main.cpp.o
 .debug_macro   0x0000000000013791      0x398 CMakeFiles/app.elf.dir/Src/main.cpp.o
 .debug_macro   0x0000000000013b29       0xd6 CMakeFiles/app.elf.dir/Src/main.cpp.o
 .debug_macro   0x0000000000013bff      0x130 CMakeFiles/app.elf.dir/Src/main.cpp.o
 .debug_macro   0x0000000000013d2f       0xb8 CMakeFiles/app.elf.dir/Src/main.cpp.o
 .debug_macro   0x0000000000013de7      0x1da CMakeFiles/app.elf.dir/Src/main.cpp.o
 .debug_macro   0x0000000000013fc1       0x12 CMakeFiles/app.elf.dir/Src/main.cpp.o
 .debug_macro   0x0000000000013fd3       0x16 CMakeFiles/app.elf.dir/Src/main.cpp.o
 .debug_macro   0x0000000000013fe9       0x35 CMakeFiles/app.elf.dir/Src/main.cpp.o
 .debug_macro   0x000000000001401e       0xd6 CMakeFiles/app.elf.dir/Src/main.cpp.o
 .debug_macro   0x00000000000140f4      0x2b1 CMakeFiles/app.elf.dir/Src/codec.c.o
 .debug_macro   0x00000000000143a5      0x88c CMakeFiles/app.elf.dir/Src/codec.c.o
 .debug_macro   0x0000000000014c31     0x1114 CMakeFiles/app.elf.dir/Src/codec.c.o
 .debug_macro   0x0000000000015d45       0x9c CMakeFiles/app.elf.dir/Src/codec.c.o
 .debug_macro   0x0000000000015de1       0x97 CMakeFiles/app.elf.dir/Src/codec.c.o
 .debug_macro   0x0000000000015e78      0x29d CMakeFiles/app.elf.dir/Src/codec.c.o
 .debug_macro   0x0000000000016115       0xef CMakeFiles/app.elf.dir/Src/codec.c.o
 .debug_macro   0x0000000000016204       0x43 CMakeFiles/app.elf.dir/Src/codec.c.o
 .debug_macro   0x0000000000016247       0xb2 CMakeFiles/app.elf.dir/Src/codec.c.o
 .debug_macro   0x00000000000162f9      0x2ac CMakeFiles/app.elf.dir/Src/dma.c.o
 .debug_macro   0x00000000000165a5      0x2ac CMakeFiles/app.elf.dir/Src/gpio.c.o
 .debug_macro   0x0000000000016851      0x2b6 CMakeFiles/app.elf.dir/Src/i2c.c.o
 .debug_macro   0x0000000000016b07      0x2c0 CMakeFiles/app.elf.dir/Src/sai.c.o
 .debug_macro   0x0000000000016dc7      0x2a2 CMakeFiles/app.elf.dir/Src/stm32f7xx_hal_msp.c.o
 .debug_macro   0x0000000000017069      0x2ac CMakeFiles/app.elf.dir/Src/stm32f7xx_it.c.o
 .debug_macro   0x0000000000017315      0x2c6 CMakeFiles/app.elf.dir/Users/pacifist/Documents/Qt/StreamStack/platforms/Discovery_M7/1.0/STM32Cube_FW_F7_V1.3.0/Drivers/STM32F7xx_HAL_Driver/Src/stm32f7xx_hal.c.o
 .debug_macro   0x00000000000175db      0x2a2 CMakeFiles/app.elf.dir/Users/pacifist/Documents/Qt/StreamStack/platforms/Discovery_M7/1.0/STM32Cube_FW_F7_V1.3.0/Drivers/STM32F7xx_HAL_Driver/Src/stm32f7xx_hal_cortex.c.o
 .debug_macro   0x000000000001787d      0x2a9 CMakeFiles/app.elf.dir/Users/pacifist/Documents/Qt/StreamStack/platforms/Discovery_M7/1.0/STM32Cube_FW_F7_V1.3.0/Drivers/STM32F7xx_HAL_Driver/Src/stm32f7xx_hal_dma.c.o
 .debug_macro   0x0000000000017b26      0x2da CMakeFiles/app.elf.dir/Users/pacifist/Documents/Qt/StreamStack/platforms/Discovery_M7/1.0/STM32Cube_FW_F7_V1.3.0/Drivers/STM32F7xx_HAL_Driver/Src/stm32f7xx_hal_gpio.c.o
 .debug_macro   0x0000000000017e00      0x2ba CMakeFiles/app.elf.dir/Users/pacifist/Documents/Qt/StreamStack/platforms/Discovery_M7/1.0/STM32Cube_FW_F7_V1.3.0/Drivers/STM32F7xx_HAL_Driver/Src/stm32f7xx_hal_pwr_ex.c.o
 .debug_macro   0x00000000000180ba      0x2c6 CMakeFiles/app.elf.dir/Users/pacifist/Documents/Qt/StreamStack/platforms/Discovery_M7/1.0/STM32Cube_FW_F7_V1.3.0/Drivers/STM32F7xx_HAL_Driver/Src/stm32f7xx_hal_rcc.c.o